Archive member included to satisfy reference by file (symbol)

c:/intelfpga_lite/18.1/nios2eds/bin/gnu/h-x86_64-mingw32/bin/../lib/gcc/nios2-elf/5.3.0/../../../../../H-x86_64-mingw32/nios2-elf/lib/mno-hw-mul\libstdc++.a(si_class_type_info.o)
                              obj/default/include/Usb.o (vtable for __cxxabiv1::__si_class_type_info)
c:/intelfpga_lite/18.1/nios2eds/bin/gnu/h-x86_64-mingw32/bin/../lib/gcc/nios2-elf/5.3.0/../../../../../H-x86_64-mingw32/nios2-elf/lib/mno-hw-mul\libstdc++.a(vmi_class_type_info.o)
                              obj/default/include/XBOXONE.o (vtable for __cxxabiv1::__vmi_class_type_info)
c:/intelfpga_lite/18.1/nios2eds/bin/gnu/h-x86_64-mingw32/bin/../lib/gcc/nios2-elf/5.3.0/../../../../../H-x86_64-mingw32/nios2-elf/lib/mno-hw-mul\libstdc++.a(tinfo.o)
                              c:/intelfpga_lite/18.1/nios2eds/bin/gnu/h-x86_64-mingw32/bin/../lib/gcc/nios2-elf/5.3.0/../../../../../H-x86_64-mingw32/nios2-elf/lib/mno-hw-mul\libstdc++.a(si_class_type_info.o) (std::type_info::__is_function_p() const)
c:/intelfpga_lite/18.1/nios2eds/bin/gnu/h-x86_64-mingw32/bin/../lib/gcc/nios2-elf/5.3.0/../../../../../H-x86_64-mingw32/nios2-elf/lib/mno-hw-mul\libstdc++.a(del_op.o)
                              c:/intelfpga_lite/18.1/nios2eds/bin/gnu/h-x86_64-mingw32/bin/../lib/gcc/nios2-elf/5.3.0/../../../../../H-x86_64-mingw32/nios2-elf/lib/mno-hw-mul\libstdc++.a(si_class_type_info.o) (operator delete(void*))
c:/intelfpga_lite/18.1/nios2eds/bin/gnu/h-x86_64-mingw32/bin/../lib/gcc/nios2-elf/5.3.0/../../../../../H-x86_64-mingw32/nios2-elf/lib/mno-hw-mul\libstdc++.a(pure.o)
                              obj/default/include/Usb.o (__cxa_pure_virtual)
c:/intelfpga_lite/18.1/nios2eds/bin/gnu/h-x86_64-mingw32/bin/../lib/gcc/nios2-elf/5.3.0/../../../../../H-x86_64-mingw32/nios2-elf/lib/mno-hw-mul\libstdc++.a(class_type_info.o)
                              c:/intelfpga_lite/18.1/nios2eds/bin/gnu/h-x86_64-mingw32/bin/../lib/gcc/nios2-elf/5.3.0/../../../../../H-x86_64-mingw32/nios2-elf/lib/mno-hw-mul\libstdc++.a(si_class_type_info.o) (__cxxabiv1::__class_type_info::__do_upcast(__cxxabiv1::__class_type_info const*, void**) const)
c:/intelfpga_lite/18.1/nios2eds/bin/gnu/h-x86_64-mingw32/bin/../lib/gcc/nios2-elf/5.3.0/../../../../../H-x86_64-mingw32/nios2-elf/lib/mno-hw-mul\libstdc++.a(eh_terminate.o)
                              c:/intelfpga_lite/18.1/nios2eds/bin/gnu/h-x86_64-mingw32/bin/../lib/gcc/nios2-elf/5.3.0/../../../../../H-x86_64-mingw32/nios2-elf/lib/mno-hw-mul\libstdc++.a(pure.o) (std::terminate())
c:/intelfpga_lite/18.1/nios2eds/bin/gnu/h-x86_64-mingw32/bin/../lib/gcc/nios2-elf/5.3.0/../../../../../H-x86_64-mingw32/nios2-elf/lib/mno-hw-mul\libstdc++.a(eh_unex_handler.o)
                              c:/intelfpga_lite/18.1/nios2eds/bin/gnu/h-x86_64-mingw32/bin/../lib/gcc/nios2-elf/5.3.0/../../../../../H-x86_64-mingw32/nios2-elf/lib/mno-hw-mul\libstdc++.a(eh_terminate.o) (__cxxabiv1::__unexpected_handler)
c:/intelfpga_lite/18.1/nios2eds/bin/gnu/h-x86_64-mingw32/bin/../lib/gcc/nios2-elf/5.3.0/../../../../../H-x86_64-mingw32/nios2-elf/lib/mno-hw-mul\libstdc++.a(eh_term_handler.o)
                              c:/intelfpga_lite/18.1/nios2eds/bin/gnu/h-x86_64-mingw32/bin/../lib/gcc/nios2-elf/5.3.0/../../../../../H-x86_64-mingw32/nios2-elf/lib/mno-hw-mul\libstdc++.a(eh_terminate.o) (__cxxabiv1::__terminate_handler)
c:/intelfpga_lite/18.1/nios2eds/bin/gnu/h-x86_64-mingw32/bin/../lib/gcc/nios2-elf/5.3.0/../../../../../H-x86_64-mingw32/nios2-elf/lib/mno-hw-mul\libstdc++.a(eh_personality.o)
                              c:/intelfpga_lite/18.1/nios2eds/bin/gnu/h-x86_64-mingw32/bin/../lib/gcc/nios2-elf/5.3.0/../../../../../H-x86_64-mingw32/nios2-elf/lib/mno-hw-mul\libstdc++.a(eh_terminate.o) (__gxx_personality_sj0)
c:/intelfpga_lite/18.1/nios2eds/bin/gnu/h-x86_64-mingw32/bin/../lib/gcc/nios2-elf/5.3.0/../../../../../H-x86_64-mingw32/nios2-elf/lib/mno-hw-mul\libstdc++.a(eh_throw.o)
                              c:/intelfpga_lite/18.1/nios2eds/bin/gnu/h-x86_64-mingw32/bin/../lib/gcc/nios2-elf/5.3.0/../../../../../H-x86_64-mingw32/nios2-elf/lib/mno-hw-mul\libstdc++.a(eh_personality.o) (__cxa_throw)
c:/intelfpga_lite/18.1/nios2eds/bin/gnu/h-x86_64-mingw32/bin/../lib/gcc/nios2-elf/5.3.0/../../../../../H-x86_64-mingw32/nios2-elf/lib/mno-hw-mul\libstdc++.a(eh_catch.o)
                              c:/intelfpga_lite/18.1/nios2eds/bin/gnu/h-x86_64-mingw32/bin/../lib/gcc/nios2-elf/5.3.0/../../../../../H-x86_64-mingw32/nios2-elf/lib/mno-hw-mul\libstdc++.a(eh_terminate.o) (__cxa_begin_catch)
c:/intelfpga_lite/18.1/nios2eds/bin/gnu/h-x86_64-mingw32/bin/../lib/gcc/nios2-elf/5.3.0/../../../../../H-x86_64-mingw32/nios2-elf/lib/mno-hw-mul\libstdc++.a(eh_alloc.o)
                              c:/intelfpga_lite/18.1/nios2eds/bin/gnu/h-x86_64-mingw32/bin/../lib/gcc/nios2-elf/5.3.0/../../../../../H-x86_64-mingw32/nios2-elf/lib/mno-hw-mul\libstdc++.a(eh_personality.o) (__cxa_allocate_exception)
[...]
Memory Configuration

Name             Origin             Length             Attributes
reset            0x0000000004000000 0x0000000000000020
sdram            0x0000000004000020 0x0000000003ffffe0
onchip_memory2_0 0x0000000008001280 0x0000000000000010
*default*        0x0000000000000000 0xffffffffffffffff

Linker script and memory map

LOAD ../synthesizer_bsp//obj/HAL/src/crt0.o
LOAD obj/default/sgtl5000/sgtl5000.o
LOAD obj/default/sgtl5000_test.o
LOAD obj/default/include/Port.o
LOAD obj/default/include/SPI.o
LOAD obj/default/include/Usb.o
LOAD obj/default/include/XBOXONE.o
LOAD obj/default/include/hidboot.o
LOAD obj/default/include/message.o
LOAD obj/default/include/parsetools.o
LOAD obj/default/include/usbh_midi.o
LOAD obj/default/include/usbhid.o
LOAD obj/default/include/usbhost.o
LOAD obj/default/main.o
LOAD c:/intelfpga_lite/18.1/nios2eds/bin/gnu/h-x86_64-mingw32/bin/../lib/gcc/nios2-elf/5.3.0/../../../../../H-x86_64-mingw32/nios2-elf/lib/mno-hw-mul\libstdc++.a
LOAD c:/intelfpga_lite/18.1/nios2eds/bin/gnu/h-x86_64-mingw32/bin/../lib/gcc/nios2-elf/5.3.0/../../../../../H-x86_64-mingw32/nios2-elf/lib/mno-hw-mul\libm.a
LOAD c:/intelfpga_lite/18.1/nios2eds/bin/gnu/h-x86_64-mingw32/bin/../lib/gcc/nios2-elf/5.3.0/mno-hw-mul\libgcc.a
START GROUP
LOAD c:/intelfpga_lite/18.1/nios2eds/bin/gnu/h-x86_64-mingw32/bin/../lib/gcc/nios2-elf/5.3.0/../../../../../H-x86_64-mingw32/nios2-elf/lib/mno-hw-mul\libc.a
LOAD c:/intelfpga_lite/18.1/nios2eds/bin/gnu/h-x86_64-mingw32/bin/../lib/gcc/nios2-elf/5.3.0/mno-hw-mul\libgcc.a
LOAD ../synthesizer_bsp/\libhal_bsp.a
LOAD c:/intelfpga_lite/18.1/nios2eds/bin/gnu/h-x86_64-mingw32/bin/../lib/gcc/nios2-elf/5.3.0/../../../../../H-x86_64-mingw32/nios2-elf/lib/mno-hw-mul\libm.a
END GROUP
LOAD c:/intelfpga_lite/18.1/nios2eds/bin/gnu/h-x86_64-mingw32/bin/../lib/gcc/nios2-elf/5.3.0/mno-hw-mul\libgcc.a
                0x0000000004000000                __alt_mem_sdram = 0x4000000
                0x0000000008001280                __alt_mem_onchip_memory2_0 = 0x8001280

.entry          0x0000000004000000       0x20
 *(.entry)
 .entry         0x0000000004000000       0x20 ../synthesizer_bsp//obj/HAL/src/crt0.o
                0x0000000004000000                __reset

.exceptions     0x0000000004000020      0x210
                0x0000000004000020                PROVIDE (__ram_exceptions_start, ABSOLUTE (.))
                0x0000000004000020                . = ALIGN (0x20)
 *(.irq)
 *(.exceptions.entry.label)
 .exceptions.entry.label
                0x0000000004000020        0x0 ../synthesizer_bsp/\libhal_bsp.a(alt_irq_entry.o)
                0x0000000004000020                alt_irq_entry
 .exceptions.entry.label
                0x0000000004000020        0x0 ../synthesizer_bsp/\libhal_bsp.a(alt_exception_entry.o)
                0x0000000004000020                alt_exception
 *(.exceptions.entry.user)
 *(.exceptions.entry.ecc_fatal)
 *(.exceptions.entry)
 .exceptions.entry
                0x0000000004000020       0x54 ../synthesizer_bsp/\libhal_bsp.a(alt_exception_entry.o)
 *(.exceptions.irqtest.user)
 *(.exceptions.irqtest)
 .exceptions.irqtest
                0x0000000004000074       0x10 ../synthesizer_bsp/\libhal_bsp.a(alt_irq_entry.o)
 *(.exceptions.irqhandler.user)
 *(.exceptions.irqhandler)
 .exceptions.irqhandler
                0x0000000004000084        0x4 ../synthesizer_bsp/\libhal_bsp.a(alt_irq_entry.o)
 *(.exceptions.irqreturn.user)
 *(.exceptions.irqreturn)
 .exceptions.irqreturn
                0x0000000004000088        0x4 ../synthesizer_bsp/\libhal_bsp.a(alt_irq_entry.o)
 *(.exceptions.notirq.label)
 .exceptions.notirq.label
                0x000000000400008c        0x0 ../synthesizer_bsp/\libhal_bsp.a(alt_irq_entry.o)
 *(.exceptions.notirq.user)
 *(.exceptions.notirq)
 .exceptions.notirq
                0x000000000400008c        0x8 ../synthesizer_bsp/\libhal_bsp.a(alt_exception_entry.o)
 *(.exceptions.soft.user)
 *(.exceptions.soft)
 *(.exceptions.unknown.user)
 *(.exceptions.unknown)
 .exceptions.unknown
                0x0000000004000094       0x14 ../synthesizer_bsp/\libhal_bsp.a(alt_exception_entry.o)
 *(.exceptions.exit.label)
 .exceptions.exit.label
                0x00000000040000a8        0x0 ../synthesizer_bsp/\libhal_bsp.a(alt_irq_entry.o)
 .exceptions.exit.label
                0x00000000040000a8        0x0 ../synthesizer_bsp/\libhal_bsp.a(alt_exception_entry.o)
 *(.exceptions.exit.user)
 *(.exceptions.exit)
 .exceptions.exit
                0x00000000040000a8       0x54 ../synthesizer_bsp/\libhal_bsp.a(alt_exception_entry.o)
 *(.exceptions)
 .exceptions    0x00000000040000fc       0xd4 ../synthesizer_bsp/\libhal_bsp.a(alt_irq_handler.o)
                0x00000000040000fc                alt_irq_handler
 .exceptions    0x00000000040001d0       0x60 ../synthesizer_bsp/\libhal_bsp.a(alt_instruction_exception_entry.o)
                0x00000000040001d0                alt_instruction_exception_entry
                0x0000000004000230                PROVIDE (__ram_exceptions_end, ABSOLUTE (.))
                0x0000000004000020                PROVIDE (__flash_exceptions_start, LOADADDR (.exceptions))

.text           0x0000000004000230    0x1ffc8
                [!provide]                        PROVIDE (stext, ABSOLUTE (.))
 *(.interp)
 *(.hash)
 *(.dynsym)
 *(.dynstr)
 *(.gnu.version)
 *(.gnu.version_d)
 *(.gnu.version_r)
 *(.rel.init)
 *(.rela.init)
 *(.rel.text .rel.text.* .rel.gnu.linkonce.t.*)
 *(.rela.text .rela.text.* .rela.gnu.linkonce.t.*)
 *(.rel.fini)
 *(.rela.fini)
 *(.rel.rodata .rel.rodata.* .rel.gnu.linkonce.r.*)
 *(.rela.rodata .rela.rodata.* .rela.gnu.linkonce.r.*)
 *(.rel.data .rel.data.* .rel.gnu.linkonce.d.*)
 *(.rela.data .rela.data.* .rela.gnu.linkonce.d.*)
 *(.rel.tdata .rel.tdata.* .rel.gnu.linkonce.td.*)
 *(.rela.tdata .rela.tdata.* .rela.gnu.linkonce.td.*)
 *(.rel.tbss .rel.tbss.* .rel.gnu.linkonce.tb.*)
 *(.rela.tbss .rela.tbss.* .rela.gnu.linkonce.tb.*)
 *(.rel.ctors)
 *(.rela.ctors)
 *(.rel.dtors)
 *(.rela.dtors)
 *(.rel.got)
 *(.rela.got)
 *(.rel.sdata .rel.sdata.* .rel.gnu.linkonce.s.*)
 *(.rela.sdata .rela.sdata.* .rela.gnu.linkonce.s.*)
 *(.rel.sbss .rel.sbss.* .rel.gnu.linkonce.sb.*)
 *(.rela.sbss .rela.sbss.* .rela.gnu.linkonce.sb.*)
 *(.rel.sdata2 .rel.sdata2.* .rel.gnu.linkonce.s2.*)
 *(.rela.sdata2 .rela.sdata2.* .rela.gnu.linkonce.s2.*)
 *(.rel.sbss2 .rel.sbss2.* .rel.gnu.linkonce.sb2.*)
 *(.rela.sbss2 .rela.sbss2.* .rela.gnu.linkonce.sb2.*)
 *(.rel.bss .rel.bss.* .rel.gnu.linkonce.b.*)
 *(.rela.bss .rela.bss.* .rela.gnu.linkonce.b.*)
 *(.rel.plt)
 *(.rela.plt)
 *(.rel.dyn)
 *(.init)
 *(.plt)
 *(.text .stub .text.* .gnu.linkonce.t.*)
 .text          0x0000000004000230       0x3c ../synthesizer_bsp//obj/HAL/src/crt0.o
                0x0000000004000230                _start
 .text          0x000000000400026c      0x154 obj/default/sgtl5000/sgtl5000.o
                0x000000000400026c                SGTL5000_Reg_Rd
                0x0000000004000320                SGTL5000_Reg_Wr
 .text          0x00000000040003c0      0x5fc obj/default/sgtl5000_test.o
                0x00000000040003c0                setLED
                0x000000000400040c                clearLED
                0x000000000400045c                printSignedHex0
                0x000000000400057c                printSignedHex1
                0x00000000040006bc                initialize_sgtl5000
 .text          0x00000000040009bc      0x2c0 obj/default/include/Port.o
                0x00000000040009bc                SPI_SS::Write(unsigned char)
                0x00000000040009f8                SPI_SS::ClearAndSet(unsigned char, unsigned char)
                0x0000000004000a3c                SPI_SS::Read()
                0x0000000004000a70                SPI_SS::DirWrite(unsigned char)
                0x0000000004000aac                SPI_SS::DirRead()
                0x0000000004000ae0                SPI_SS::Set(unsigned char)
                0x0000000004000b1c                SPI_SS::Clear(unsigned char)
                0x0000000004000b58                SPI_SS::Toggle(unsigned char)
                0x0000000004000b94                SPI_SS::DirSet(unsigned char)
                0x0000000004000bd0                SPI_SS::DirClear(unsigned char)
                0x0000000004000c0c                SPI_SS::DirToggle(unsigned char)
                0x0000000004000c48                SPI_SS::PinRead()
 .text          0x0000000004000c7c      0x1d8 obj/default/include/SPI.o
                0x0000000004000c7c                alt_busy_sleep(unsigned int)
                0x0000000004000dd4                delay(unsigned long)
                0x0000000004000e2c                millis()
 .text          0x0000000004000e54     0x2514 obj/default/include/Usb.o
                0x0000000004000e54                USB::USB()
                0x0000000004000e54                USB::USB()
                0x0000000004000eac                USB::init()
                0x0000000004000ed8                USB::getUsbTaskState()
                0x0000000004000efc                USB::setUsbTaskState(unsigned char)
                0x0000000004000f30                USB::getEpInfoEntry(unsigned char, unsigned char)
                0x0000000004001044                USB::setEpInfoEntry(unsigned char, unsigned char, EpInfo*)
                0x0000000004001160                USB::SetAddress(unsigned char, unsigned char, EpInfo**, unsigned short*)
                0x00000000040012ec                USB::ctrlReq(unsigned char, unsigned char, unsigned char, unsigned char, unsigned char, unsigned char, unsigned short, unsigned short, unsigned short, unsigned char*, USBReadParser*)
                0x00000000040015fc                USB::inTransfer(unsigned char, unsigned char, unsigned short*, unsigned char*, unsigned char)
                0x00000000040016e4                USB::InTransfer(EpInfo*, unsigned short, unsigned short*, unsigned char*, unsigned char)
                0x0000000004001990                USB::outTransfer(unsigned char, unsigned char, unsigned short, unsigned char*)
                0x0000000004001a40                USB::OutTransfer(EpInfo*, unsigned short, unsigned short, unsigned char*)
                0x0000000004001dec                USB::dispatchPkt(unsigned char, unsigned char, unsigned short)
                0x0000000004001f6c                USB::Task()
                0x000000000400235c                USB::DefaultAddressing(unsigned char, unsigned char, bool)
                0x00000000040024bc                USB::AttemptConfig(unsigned char, unsigned char, unsigned char, bool)
                0x000000000400274c                USB::Configuring(unsigned char, unsigned char, bool)
                0x0000000004002e5c                USB::ReleaseDevice(unsigned char)
                0x0000000004002f94                USB::getDevDescr(unsigned char, unsigned char, unsigned short, unsigned char*)
                0x000000000400301c                USB::getConfDescr(unsigned char, unsigned char, unsigned short, unsigned char, unsigned char*)
                0x00000000040030b0                USB::getConfDescr(unsigned char, unsigned char, unsigned char, USBReadParser*)
                0x00000000040031a8                USB::getStrDescr(unsigned char, unsigned char, unsigned short, unsigned char, unsigned short, unsigned char*)
                0x0000000004003250                USB::setAddr(unsigned char, unsigned char, unsigned char)
                0x00000000040032e4                USB::setConf(unsigned char, unsigned char, unsigned char)
 .text._ZN3USB14GetAddressPoolEv
                0x0000000004003368       0x24 obj/default/include/Usb.o
                0x0000000004003368                USB::GetAddressPool()
 .text._ZN11AddressPoolC2Ev
                0x000000000400338c       0x34 obj/default/include/Usb.o
                0x000000000400338c                AddressPool::AddressPool()
                0x000000000400338c                AddressPool::AddressPool()
 .text._ZN15AddressPoolImplILh16EEC2Ev
                0x00000000040033c0       0xcc obj/default/include/Usb.o
                0x00000000040033c0                AddressPoolImpl<(unsigned char)16>::AddressPoolImpl()
                0x00000000040033c0                AddressPoolImpl<(unsigned char)16>::AddressPoolImpl()
 .text._ZN15AddressPoolImplILh16EE15GetUsbDevicePtrEh
                0x000000000400348c       0x8c obj/default/include/Usb.o
                0x000000000400348c                AddressPoolImpl<(unsigned char)16>::GetUsbDevicePtr(unsigned char)
 .text._Z10D_PrintHexIhEvT_i
                0x0000000004003518       0x2c obj/default/include/Usb.o
                0x0000000004003518                void D_PrintHex<unsigned char>(unsigned char, int)
 .text._ZN15AddressPoolImplILh16EE12AllocAddressEhbh
                0x0000000004003544      0x260 obj/default/include/Usb.o
                0x0000000004003544                AddressPoolImpl<(unsigned char)16>::AllocAddress(unsigned char, bool, unsigned char)
 .text._ZN15AddressPoolImplILh16EE11FreeAddressEh
                0x00000000040037a4       0x6c obj/default/include/Usb.o
                0x00000000040037a4                AddressPoolImpl<(unsigned char)16>::FreeAddress(unsigned char)
 .text._ZN15AddressPoolImplILh16EE9InitEntryEh
                0x0000000004003810      0x144 obj/default/include/Usb.o
                0x0000000004003810                AddressPoolImpl<(unsigned char)16>::InitEntry(unsigned char)
 .text._ZN15AddressPoolImplILh16EE16InitAllAddressesEv
                0x0000000004003954       0x68 obj/default/include/Usb.o
                0x0000000004003954                AddressPoolImpl<(unsigned char)16>::InitAllAddresses()
 .text._ZN15AddressPoolImplILh16EE16FindAddressIndexEh
                0x00000000040039bc       0x94 obj/default/include/Usb.o
                0x00000000040039bc                AddressPoolImpl<(unsigned char)16>::FindAddressIndex(unsigned char)
 .text._ZN15AddressPoolImplILh16EE18FreeAddressByIndexEh
                0x0000000004003a50      0x104 obj/default/include/Usb.o
                0x0000000004003a50                AddressPoolImpl<(unsigned char)16>::FreeAddressByIndex(unsigned char)
 .text._ZN15AddressPoolImplILh16EE14FindChildIndexE16UsbDeviceAddressh
                0x0000000004003b54       0xc8 obj/default/include/Usb.o
                0x0000000004003b54                AddressPoolImpl<(unsigned char)16>::FindChildIndex(UsbDeviceAddress, unsigned char)
 .text          0x0000000004003c1c     0x1314 obj/default/include/XBOXONE.o
                0x0000000004003c1c                XBOXONE::XBOXONE(USB*)
                0x0000000004003c1c                XBOXONE::XBOXONE(USB*)
                0x0000000004003e00                XBOXONE::Init(unsigned char, unsigned char, bool)
                0x0000000004004454                XBOXONE::EndpointXtract(unsigned char, unsigned char, unsigned char, unsigned char, USB_ENDPOINT_DESCRIPTOR const*)
                0x0000000004004590                non-virtual thunk to XBOXONE::EndpointXtract(unsigned char, unsigned char, unsigned char, unsigned char, USB_ENDPOINT_DESCRIPTOR const*)
                0x0000000004004598                XBOXONE::PrintEndpointDescriptor(USB_ENDPOINT_DESCRIPTOR const*)
                0x00000000040045c0                XBOXONE::Release()
                0x0000000004004654                XBOXONE::Poll()
                0x000000000400474c                XBOXONE::readReport()
                0x0000000004004b14                XBOXONE::getButtonPress(ButtonEnum)
                0x0000000004004b9c                XBOXONE::getButtonClick(ButtonEnum)
                0x0000000004004c8c                XBOXONE::getAnalogHat(AnalogHatEnum)
                0x0000000004004cc8                XBOXONE::XboxCommand(unsigned char*, unsigned short)
                0x0000000004004d68                XBOXONE::onInit()
                0x0000000004004e0c                XBOXONE::setRumbleOff()
                0x0000000004004e84                XBOXONE::setRumbleOn(unsigned char, unsigned char, unsigned char, unsigned char)
 .text._ZN16MultiValueBufferC2Ev
                0x0000000004004f30       0x60 obj/default/include/XBOXONE.o
                0x0000000004004f30                MultiValueBuffer::MultiValueBuffer()
                0x0000000004004f30                MultiValueBuffer::MultiValueBuffer()
 .text._ZN20MultiByteValueParserC2Ev
                0x0000000004004f90       0x3c obj/default/include/XBOXONE.o
                0x0000000004004f90                MultiByteValueParser::MultiByteValueParser()
                0x0000000004004f90                MultiByteValueParser::MultiByteValueParser()
 .text._ZN20MultiByteValueParser10InitializeEP16MultiValueBuffer
                0x0000000004004fcc       0x80 obj/default/include/XBOXONE.o
                0x0000000004004fcc                MultiByteValueParser::Initialize(MultiValueBuffer*)
 .text._ZN11ByteSkipperC2Ev
                0x000000000400504c       0x3c obj/default/include/XBOXONE.o
                0x000000000400504c                ByteSkipper::ByteSkipper()
                0x000000000400504c                ByteSkipper::ByteSkipper()
 .text._ZN11ByteSkipper10InitializeEP16MultiValueBuffer
                0x0000000004005088       0x68 obj/default/include/XBOXONE.o
                0x0000000004005088                ByteSkipper::Initialize(MultiValueBuffer*)
 .text._ZN11ByteSkipper4SkipEPPhPtt
                0x00000000040050f0      0x100 obj/default/include/XBOXONE.o
                0x00000000040050f0                ByteSkipper::Skip(unsigned char**, unsigned short*, unsigned short)
 .text._ZN15USBDeviceConfig4InitEhhb
                0x00000000040051f0       0x3c obj/default/include/XBOXONE.o
                0x00000000040051f0                USBDeviceConfig::Init(unsigned char, unsigned char, bool)
 .text._ZN15USBDeviceConfig15ConfigureDeviceEhhb
                0x000000000400522c       0x3c obj/default/include/XBOXONE.o
                0x000000000400522c                USBDeviceConfig::ConfigureDevice(unsigned char, unsigned char, bool)
 .text._ZN15USBDeviceConfig7ReleaseEv
                0x0000000004005268       0x24 obj/default/include/XBOXONE.o
                0x0000000004005268                USBDeviceConfig::Release()
 .text._ZN15USBDeviceConfig4PollEv
                0x000000000400528c       0x24 obj/default/include/XBOXONE.o
                0x000000000400528c                USBDeviceConfig::Poll()
 .text._ZN15USBDeviceConfig10GetAddressEv
                0x00000000040052b0       0x24 obj/default/include/XBOXONE.o
                0x00000000040052b0                USBDeviceConfig::GetAddress()
 .text._ZN15USBDeviceConfig12ResetHubPortEh
                0x00000000040052d4       0x2c obj/default/include/XBOXONE.o
                0x00000000040052d4                USBDeviceConfig::ResetHubPort(unsigned char)
 .text._ZN15USBDeviceConfig8VIDPIDOKEtt
                0x0000000004005300       0x34 obj/default/include/XBOXONE.o
                0x0000000004005300                USBDeviceConfig::VIDPIDOK(unsigned short, unsigned short)
 .text._ZN15USBDeviceConfig10DEVCLASSOKEh
                0x0000000004005334       0x2c obj/default/include/XBOXONE.o
                0x0000000004005334                USBDeviceConfig::DEVCLASSOK(unsigned char)
 .text._ZN15USBDeviceConfig13DEVSUBCLASSOKEh
                0x0000000004005360       0x2c obj/default/include/XBOXONE.o
                0x0000000004005360                USBDeviceConfig::DEVSUBCLASSOK(unsigned char)
 .text._ZN3USB19RegisterDeviceClassEP15USBDeviceConfig
                0x000000000400538c       0x90 obj/default/include/XBOXONE.o
                0x000000000400538c                USB::RegisterDeviceClass(USBDeviceConfig*)
 .text._ZN17UsbConfigXtracter14EndpointXtractEhhhhPK23USB_ENDPOINT_DESCRIPTOR
                0x000000000400541c       0x40 obj/default/include/XBOXONE.o
                0x000000000400541c                UsbConfigXtracter::EndpointXtract(unsigned char, unsigned char, unsigned char, unsigned char, USB_ENDPOINT_DESCRIPTOR const*)
 .text._ZN7XBOXONE10GetAddressEv
                0x000000000400545c       0x28 obj/default/include/XBOXONE.o
                0x000000000400545c                XBOXONE::GetAddress()
 .text._ZN7XBOXONE7isReadyEv
                0x0000000004005484       0x28 obj/default/include/XBOXONE.o
                0x0000000004005484                XBOXONE::isReady()
 .text._ZN7XBOXONE8VIDPIDOKEtt
                0x00000000040054ac      0x12c obj/default/include/XBOXONE.o
                0x00000000040054ac                XBOXONE::VIDPIDOK(unsigned short, unsigned short)
 .text._ZN15USBDeviceConfigC2Ev
                0x00000000040055d8       0x34 obj/default/include/XBOXONE.o
                0x00000000040055d8                USBDeviceConfig::USBDeviceConfig()
                0x00000000040055d8                USBDeviceConfig::USBDeviceConfig()
 .text._ZN17UsbConfigXtracterC2Ev
                0x000000000400560c       0x34 obj/default/include/XBOXONE.o
                0x000000000400560c                UsbConfigXtracter::UsbConfigXtracter()
                0x000000000400560c                UsbConfigXtracter::UsbConfigXtracter()
 .text._ZN13USBReadParserC2Ev
                0x0000000004005640       0x34 obj/default/include/XBOXONE.o
                0x0000000004005640                USBReadParser::USBReadParser()
                0x0000000004005640                USBReadParser::USBReadParser()
 .text._ZN16ConfigDescParserILh0ELh0ELh0ELh0EEC2EP17UsbConfigXtracter
                0x0000000004005674      0x164 obj/default/include/XBOXONE.o
                0x0000000004005674                ConfigDescParser<(unsigned char)0, (unsigned char)0, (unsigned char)0, (unsigned char)0>::ConfigDescParser(UsbConfigXtracter*)
                0x0000000004005674                ConfigDescParser<(unsigned char)0, (unsigned char)0, (unsigned char)0, (unsigned char)0>::ConfigDescParser(UsbConfigXtracter*)
 .text._ZN16ConfigDescParserILh0ELh0ELh0ELh0EE5ParseEtPKhRKt
                0x00000000040057d8       0x7c obj/default/include/XBOXONE.o
                0x00000000040057d8                ConfigDescParser<(unsigned char)0, (unsigned char)0, (unsigned char)0, (unsigned char)0>::Parse(unsigned short, unsigned char const*, unsigned short const&)
 .text._ZN16ConfigDescParserILh0ELh0ELh0ELh0EE15ParseDescriptorEPPhPt
                0x0000000004005854      0x4b0 obj/default/include/XBOXONE.o
                0x0000000004005854                ConfigDescParser<(unsigned char)0, (unsigned char)0, (unsigned char)0, (unsigned char)0>::ParseDescriptor(unsigned char**, unsigned short*)
 .text          0x0000000004005d04      0x770 obj/default/include/hidboot.o
                0x0000000004005d04                MouseReportParser::Parse(USBHID*, bool, unsigned char, unsigned char*)
                0x0000000004005f20                KeyboardReportParser::Parse(USBHID*, bool, unsigned char, unsigned char*)
                0x00000000040061dc                KeyboardReportParser::OemToAscii(unsigned char, unsigned char)
 .text._ZN17MouseReportParser11OnMouseMoveEP9MOUSEINFO
                0x0000000004006474       0x28 obj/default/include/hidboot.o
                0x0000000004006474                MouseReportParser::OnMouseMove(MOUSEINFO*)
 .text._ZN17MouseReportParser14OnLeftButtonUpEP9MOUSEINFO
                0x000000000400649c       0x28 obj/default/include/hidboot.o
                0x000000000400649c                MouseReportParser::OnLeftButtonUp(MOUSEINFO*)
 .text._ZN17MouseReportParser16OnLeftButtonDownEP9MOUSEINFO
                0x00000000040064c4       0x28 obj/default/include/hidboot.o
                0x00000000040064c4                MouseReportParser::OnLeftButtonDown(MOUSEINFO*)
 .text._ZN17MouseReportParser15OnRightButtonUpEP9MOUSEINFO
                0x00000000040064ec       0x28 obj/default/include/hidboot.o
                0x00000000040064ec                MouseReportParser::OnRightButtonUp(MOUSEINFO*)
 .text._ZN17MouseReportParser17OnRightButtonDownEP9MOUSEINFO
                0x0000000004006514       0x28 obj/default/include/hidboot.o
                0x0000000004006514                MouseReportParser::OnRightButtonDown(MOUSEINFO*)
 .text._ZN17MouseReportParser16OnMiddleButtonUpEP9MOUSEINFO
                0x000000000400653c       0x28 obj/default/include/hidboot.o
                0x000000000400653c                MouseReportParser::OnMiddleButtonUp(MOUSEINFO*)
 .text._ZN17MouseReportParser18OnMiddleButtonDownEP9MOUSEINFO
                0x0000000004006564       0x28 obj/default/include/hidboot.o
                0x0000000004006564                MouseReportParser::OnMiddleButtonDown(MOUSEINFO*)
 .text._ZN20KeyboardReportParser17HandleLockingKeysEP6USBHIDh
                0x000000000400658c      0x18c obj/default/include/hidboot.o
                0x000000000400658c                KeyboardReportParser::HandleLockingKeys(USBHID*, unsigned char)
 .text._ZN20KeyboardReportParser20OnControlKeysChangedEhh
                0x0000000004006718       0x34 obj/default/include/hidboot.o
                0x0000000004006718                KeyboardReportParser::OnControlKeysChanged(unsigned char, unsigned char)
 .text._ZN20KeyboardReportParser9OnKeyDownEhh
                0x000000000400674c       0x34 obj/default/include/hidboot.o
                0x000000000400674c                KeyboardReportParser::OnKeyDown(unsigned char, unsigned char)
 .text._ZN20KeyboardReportParser7OnKeyUpEhh
                0x0000000004006780       0x34 obj/default/include/hidboot.o
                0x0000000004006780                KeyboardReportParser::OnKeyUp(unsigned char, unsigned char)
 .text._ZN20KeyboardReportParser10getNumKeysEv
                0x00000000040067b4       0x28 obj/default/include/hidboot.o
                0x00000000040067b4                KeyboardReportParser::getNumKeys()
 .text._ZN20KeyboardReportParser12getSymKeysUpEv
                0x00000000040067dc       0x28 obj/default/include/hidboot.o
                0x00000000040067dc                KeyboardReportParser::getSymKeysUp()
 .text._ZN20KeyboardReportParser12getSymKeysLoEv
                0x0000000004006804       0x28 obj/default/include/hidboot.o
                0x0000000004006804                KeyboardReportParser::getSymKeysLo()
 .text._ZN20KeyboardReportParser10getPadKeysEv
                0x000000000400682c       0x24 obj/default/include/hidboot.o
                0x000000000400682c                KeyboardReportParser::getPadKeys()
 .text          0x0000000004006850      0x1a8 obj/default/include/message.o
                0x0000000004006850                E_Notifyc(char, int)
                0x00000000040068a0                E_Notify(char const*, int)
                0x0000000004006924                E_NotifyStr(char const*, int)
                0x00000000040069a8                E_Notify(unsigned char, int)
                0x00000000040069d0                E_Notify(double, int)
 .text          0x00000000040069f8      0x35c obj/default/include/parsetools.o
                0x00000000040069f8                MultiByteValueParser::Parse(unsigned char**, unsigned short*)
                0x0000000004006b00                PTPListParser::Parse(unsigned char**, unsigned short*, void (*)(MultiValueBuffer const*, unsigned long, void const*), void const*)
 .text          0x0000000004006d54     0x1e50 obj/default/include/usbh_midi.o
                0x0000000004006d54                USBH_MIDI::USBH_MIDI(USB*)
                0x0000000004006d54                USBH_MIDI::USBH_MIDI(USB*)
                0x0000000004006edc                USBH_MIDI::Init(unsigned char, unsigned char, bool)
                0x00000000040076fc                USBH_MIDI::Release()
                0x000000000400779c                USBH_MIDI::setupDeviceSpecific()
                0x0000000004007908                USBH_MIDI::RecvData(unsigned short*, unsigned char*)
                0x00000000040079dc                USBH_MIDI::RecvData(unsigned char*, bool)
                0x0000000004007c44                USBH_MIDI::SendData(unsigned char*, unsigned char)
                0x0000000004007da0                USBH_MIDI::lookupMsgSize(unsigned char, unsigned char)
                0x0000000004007e04                USBH_MIDI::countSysExDataSize(unsigned char*)
                0x0000000004007e8c                USBH_MIDI::SendSysEx(unsigned char*, unsigned short, unsigned char)
                0x00000000040081c0                USBH_MIDI::extractSysExData(unsigned char*, unsigned char*)
                0x0000000004008300                MidiDescParser::MidiDescParser(UsbMidiConfigXtracter*, bool)
                0x0000000004008300                MidiDescParser::MidiDescParser(UsbMidiConfigXtracter*, bool)
                0x0000000004008478                MidiDescParser::Parse(unsigned short, unsigned char const*, unsigned short const&)
                0x00000000040084f4                MidiDescParser::ParseDescriptor(unsigned char**, unsigned short*)
                0x0000000004008a58                USBH_MIDI::EndpointXtract(unsigned char, unsigned char, unsigned char, unsigned char, USB_ENDPOINT_DESCRIPTOR const*)
                0x0000000004008b9c                non-virtual thunk to USBH_MIDI::EndpointXtract(unsigned char, unsigned char, unsigned char, unsigned char, USB_ENDPOINT_DESCRIPTOR const*)
 .text._ZN21UsbMidiConfigXtracter14EndpointXtractEhhhhPK23USB_ENDPOINT_DESCRIPTOR
                0x0000000004008ba4       0x40 obj/default/include/usbh_midi.o
                0x0000000004008ba4                UsbMidiConfigXtracter::EndpointXtract(unsigned char, unsigned char, unsigned char, unsigned char, USB_ENDPOINT_DESCRIPTOR const*)
 .text._ZN14MidiDescParser12getConfValueEv
                0x0000000004008be4       0x28 obj/default/include/usbh_midi.o
                0x0000000004008be4                MidiDescParser::getConfValue()
 .text._ZN14MidiDescParser9getNumEPsEv
                0x0000000004008c0c       0x28 obj/default/include/usbh_midi.o
                0x0000000004008c0c                MidiDescParser::getNumEPs()
 .text._ZN9USBH_MIDI17convertStatus2CinEh
                0x0000000004008c34       0x58 obj/default/include/usbh_midi.o
                0x0000000004008c34                USBH_MIDI::convertStatus2Cin(unsigned char)
 .text._ZN9USBH_MIDI17getMsgSizeFromCinEh
                0x0000000004008c8c       0x3c obj/default/include/usbh_midi.o
                0x0000000004008c8c                USBH_MIDI::getMsgSizeFromCin(unsigned char)
 .text._ZN9USBH_MIDI10GetAddressEv
                0x0000000004008cc8       0x28 obj/default/include/usbh_midi.o
                0x0000000004008cc8                USBH_MIDI::GetAddress()
 .text._ZN21UsbMidiConfigXtracterC2Ev
                0x0000000004008cf0       0x34 obj/default/include/usbh_midi.o
                0x0000000004008cf0                UsbMidiConfigXtracter::UsbMidiConfigXtracter()
                0x0000000004008cf0                UsbMidiConfigXtracter::UsbMidiConfigXtracter()
 .text._Z10D_PrintHexItEvT_i
                0x0000000004008d24       0x2c obj/default/include/usbh_midi.o
                0x0000000004008d24                void D_PrintHex<unsigned short>(unsigned short, int)
 .text          0x0000000004008d50      0x604 obj/default/include/usbhid.o
                0x0000000004008d50                USBHID::GetReportDescr(unsigned short, USBReadParser*)
                0x0000000004008df0                USBHID::SetReport(unsigned char, unsigned char, unsigned char, unsigned char, unsigned short, unsigned char*)
                0x0000000004008ea8                USBHID::GetReport(unsigned char, unsigned char, unsigned char, unsigned char, unsigned short, unsigned char*)
                0x0000000004008f60                USBHID::GetIdle(unsigned char, unsigned char, unsigned char*)
                0x0000000004008ff8                USBHID::SetIdle(unsigned char, unsigned char, unsigned char)
                0x000000000400908c                USBHID::SetProtocol(unsigned char, unsigned char)
                0x0000000004009110                USBHID::GetProtocol(unsigned char, unsigned char*)
                0x0000000004009198                USBHID::PrintEndpointDescriptor(USB_ENDPOINT_DESCRIPTOR const*)
                0x0000000004009264                USBHID::PrintHidDescriptor(USB_HID_DESCRIPTOR const*)
 .text          0x0000000004009354      0x9f0 obj/default/include/usbhost.o
                0x0000000004009354                MAX3421e::MAX3421e()
                0x0000000004009354                MAX3421e::MAX3421e()
                0x0000000004009390                MAX3421e::getVbusState()
                0x00000000040093b4                MAX3421e::regWr(unsigned char, unsigned char)
                0x0000000004009440                MAX3421e::bytesWr(unsigned char, unsigned char, unsigned char*)
                0x0000000004009574                MAX3421e::gpioWr(unsigned char)
                0x00000000040095e8                MAX3421e::regRd(unsigned char)
                0x0000000004009660                MAX3421e::bytesRd(unsigned char, unsigned char, unsigned char*)
                0x00000000040096e8                MAX3421e::gpioRd()
                0x0000000004009768                MAX3421e::gpioRdOutput()
                0x00000000040097e4                MAX3421e::reset()
                0x00000000040098b0                Vbus_power(bool)
                0x00000000040098d8                MAX3421e::Init()
                0x00000000040099bc                MAX3421e::Init(int)
                0x0000000004009ad4                MAX3421e::busprobe()
                0x0000000004009c48                MAX3421e::Task()
                0x0000000004009cac                MAX3421e::IntHandler()
                0x0000000004009d20                MAX3421e::GpxHandler()
 .text          0x0000000004009d44      0xb48 obj/default/main.o
                0x0000000004009d44                toBinary(unsigned char)
                0x0000000004009dbc                main
                0x000000000400a230                test_loop()
                0x000000000400a680                halt55()
                0x000000000400a6d8                print_hex(int, int)
                0x000000000400a7d0                press_any_key()
 .text._ZN9USBH_MIDIcvbEv
                0x000000000400a88c       0x28 obj/default/main.o
                0x000000000400a88c                USBH_MIDI::operator bool()
 .text          0x000000000400a8b4        0x0 c:/intelfpga_lite/18.1/nios2eds/bin/gnu/h-x86_64-mingw32/bin/../lib/gcc/nios2-elf/5.3.0/../../../../../H-x86_64-mingw32/nios2-elf/lib/mno-hw-mul\libstdc++.a(si_class_type_info.o)
 .text._ZN10__cxxabiv120__si_class_type_infoD2Ev
                0x000000000400a8b4       0x10 c:/intelfpga_lite/18.1/nios2eds/bin/gnu/h-x86_64-mingw32/bin/../lib/gcc/nios2-elf/5.3.0/../../../../../H-x86_64-mingw32/nios2-elf/lib/mno-hw-mul\libstdc++.a(si_class_type_info.o)
                0x000000000400a8b4                __cxxabiv1::__si_class_type_info::~__si_class_type_info()
                0x000000000400a8b4                __cxxabiv1::__si_class_type_info::~__si_class_type_info()
 .text._ZN10__cxxabiv120__si_class_type_infoD0Ev
                0x000000000400a8c4       0x34 c:/intelfpga_lite/18.1/nios2eds/bin/gnu/h-x86_64-mingw32/bin/../lib/gcc/nios2-elf/5.3.0/../../../../../H-x86_64-mingw32/nios2-elf/lib/mno-hw-mul\libstdc++.a(si_class_type_info.o)
                0x000000000400a8c4                __cxxabiv1::__si_class_type_info::~__si_class_type_info()
 .text._ZNK10__cxxabiv120__si_class_type_info12__do_dyncastEiNS_17__class_type_info10__sub_kindEPKS1_PKvS4_S6_RNS1_16__dyncast_resultE
                0x000000000400a8f8      0x160 c:/intelfpga_lite/18.1/nios2eds/bin/gnu/h-x86_64-mingw32/bin/../lib/gcc/nios2-elf/5.3.0/../../../../../H-x86_64-mingw32/nios2-elf/lib/mno-hw-mul\libstdc++.a(si_class_type_info.o)
                0x000000000400a8f8                __cxxabiv1::__si_class_type_info::__do_dyncast(int, __cxxabiv1::__class_type_info::__sub_kind, __cxxabiv1::__class_type_info const*, void const*, __cxxabiv1::__class_type_info const*, void const*, __cxxabiv1::__class_type_info::__dyncast_result&) const
 .text._ZNK10__cxxabiv120__si_class_type_info20__do_find_public_srcEiPKvPKNS_17__class_type_infoES2_
                0x000000000400aa58       0x9c c:/intelfpga_lite/18.1/nios2eds/bin/gnu/h-x86_64-mingw32/bin/../lib/gcc/nios2-elf/5.3.0/../../../../../H-x86_64-mingw32/nios2-elf/lib/mno-hw-mul\libstdc++.a(si_class_type_info.o)
                0x000000000400aa58                __cxxabiv1::__si_class_type_info::__do_find_public_src(int, void const*, __cxxabiv1::__class_type_info const*, void const*) const
 .text._ZNK10__cxxabiv120__si_class_type_info11__do_upcastEPKNS_17__class_type_infoEPKvRNS1_15__upcast_resultE
                0x000000000400aaf4       0x84 c:/intelfpga_lite/18.1/nios2eds/bin/gnu/h-x86_64-mingw32/bin/../lib/gcc/nios2-elf/5.3.0/../../../../../H-x86_64-mingw32/nios2-elf/lib/mno-hw-mul\libstdc++.a(si_class_type_info.o)
                0x000000000400aaf4                __cxxabiv1::__si_class_type_info::__do_upcast(__cxxabiv1::__class_type_info const*, void const*, __cxxabiv1::__class_type_info::__upcast_result&) const
 .text          0x000000000400ab78        0x0 c:/intelfpga_lite/18.1/nios2eds/bin/gnu/h-x86_64-mingw32/bin/../lib/gcc/nios2-elf/5.3.0/../../../../../H-x86_64-mingw32/nios2-elf/lib/mno-hw-mul\libstdc++.a(vmi_class_type_info.o)
 .text._ZN10__cxxabiv121__vmi_class_type_infoD2Ev
                0x000000000400ab78       0x10 c:/intelfpga_lite/18.1/nios2eds/bin/gnu/h-x86_64-mingw32/bin/../lib/gcc/nios2-elf/5.3.0/../../../../../H-x86_64-mingw32/nios2-elf/lib/mno-hw-mul\libstdc++.a(vmi_class_type_info.o)
                0x000000000400ab78                __cxxabiv1::__vmi_class_type_info::~__vmi_class_type_info()
                0x000000000400ab78                __cxxabiv1::__vmi_class_type_info::~__vmi_class_type_info()
 .text._ZN10__cxxabiv121__vmi_class_type_infoD0Ev
                0x000000000400ab88       0x34 c:/intelfpga_lite/18.1/nios2eds/bin/gnu/h-x86_64-mingw32/bin/../lib/gcc/nios2-elf/5.3.0/../../../../../H-x86_64-mingw32/nios2-elf/lib/mno-hw-mul\libstdc++.a(vmi_class_type_info.o)
                0x000000000400ab88                __cxxabiv1::__vmi_class_type_info::~__vmi_class_type_info()
 .text._ZNK10__cxxabiv121__vmi_class_type_info20__do_find_public_srcEiPKvPKNS_17__class_type_infoES2_
                0x000000000400abbc      0x128 c:/intelfpga_lite/18.1/nios2eds/bin/gnu/h-x86_64-mingw32/bin/../lib/gcc/nios2-elf/5.3.0/../../../../../H-x86_64-mingw32/nios2-elf/lib/mno-hw-mul\libstdc++.a(vmi_class_type_info.o)
                0x000000000400abbc                __cxxabiv1::__vmi_class_type_info::__do_find_public_src(int, void const*, __cxxabiv1::__class_type_info const*, void const*) const
 .text._ZNK10__cxxabiv121__vmi_class_type_info12__do_dyncastEiNS_17__class_type_info10__sub_kindEPKS1_PKvS4_S6_RNS1_16__dyncast_resultE
                0x000000000400ace4      0x604 c:/intelfpga_lite/18.1/nios2eds/bin/gnu/h-x86_64-mingw32/bin/../lib/gcc/nios2-elf/5.3.0/../../../../../H-x86_64-mingw32/nios2-elf/lib/mno-hw-mul\libstdc++.a(vmi_class_type_info.o)
                0x000000000400ace4                __cxxabiv1::__vmi_class_type_info::__do_dyncast(int, __cxxabiv1::__class_type_info::__sub_kind, __cxxabiv1::__class_type_info const*, void const*, __cxxabiv1::__class_type_info const*, void const*, __cxxabiv1::__class_type_info::__dyncast_result&) const
 .text._ZNK10__cxxabiv121__vmi_class_type_info11__do_upcastEPKNS_17__class_type_infoEPKvRNS1_15__upcast_resultE
                0x000000000400b2e8      0x274 c:/intelfpga_lite/18.1/nios2eds/bin/gnu/h-x86_64-mingw32/bin/../lib/gcc/nios2-elf/5.3.0/../../../../../H-x86_64-mingw32/nios2-elf/lib/mno-hw-mul\libstdc++.a(vmi_class_type_info.o)
                0x000000000400b2e8                __cxxabiv1::__vmi_class_type_info::__do_upcast(__cxxabiv1::__class_type_info const*, void const*, __cxxabiv1::__class_type_info::__upcast_result&) const
 .text          0x000000000400b55c        0x0 c:/intelfpga_lite/18.1/nios2eds/bin/gnu/h-x86_64-mingw32/bin/../lib/gcc/nios2-elf/5.3.0/../../../../../H-x86_64-mingw32/nios2-elf/lib/mno-hw-mul\libstdc++.a(tinfo.o)
 .text._ZNSt9type_infoD2Ev
                0x000000000400b55c        0x4 c:/intelfpga_lite/18.1/nios2eds/bin/gnu/h-x86_64-mingw32/bin/../lib/gcc/nios2-elf/5.3.0/../../../../../H-x86_64-mingw32/nios2-elf/lib/mno-hw-mul\libstdc++.a(tinfo.o)
                0x000000000400b55c                std::type_info::~type_info()
                0x000000000400b55c                std::type_info::~type_info()
 .text._ZNKSt9type_info15__is_function_pEv
                0x000000000400b560        0x8 c:/intelfpga_lite/18.1/nios2eds/bin/gnu/h-x86_64-mingw32/bin/../lib/gcc/nios2-elf/5.3.0/../../../../../H-x86_64-mingw32/nios2-elf/lib/mno-hw-mul\libstdc++.a(tinfo.o)
                0x000000000400b560                std::type_info::__is_pointer_p() const
                0x000000000400b560                std::type_info::__is_function_p() const
 .text._ZNKSt9type_info11__do_upcastEPKN10__cxxabiv117__class_type_infoEPPv
                0x000000000400b568        0x8 c:/intelfpga_lite/18.1/nios2eds/bin/gnu/h-x86_64-mingw32/bin/../lib/gcc/nios2-elf/5.3.0/../../../../../H-x86_64-mingw32/nios2-elf/lib/mno-hw-mul\libstdc++.a(tinfo.o)
                0x000000000400b568                std::type_info::__do_upcast(__cxxabiv1::__class_type_info const*, void**) const
 .text._ZNSt9type_infoD0Ev
                0x000000000400b570        0x4 c:/intelfpga_lite/18.1/nios2eds/bin/gnu/h-x86_64-mingw32/bin/../lib/gcc/nios2-elf/5.3.0/../../../../../H-x86_64-mingw32/nios2-elf/lib/mno-hw-mul\libstdc++.a(tinfo.o)
                0x000000000400b570                std::type_info::~type_info()
 .text._ZNKSt9type_info10__do_catchEPKS_PPvj
                0x000000000400b574       0x44 c:/intelfpga_lite/18.1/nios2eds/bin/gnu/h-x86_64-mingw32/bin/../lib/gcc/nios2-elf/5.3.0/../../../../../H-x86_64-mingw32/nios2-elf/lib/mno-hw-mul\libstdc++.a(tinfo.o)
                0x000000000400b574                std::type_info::__do_catch(std::type_info const*, void**, unsigned int) const
 .text          0x000000000400b5b8        0x0 c:/intelfpga_lite/18.1/nios2eds/bin/gnu/h-x86_64-mingw32/bin/../lib/gcc/nios2-elf/5.3.0/../../../../../H-x86_64-mingw32/nios2-elf/lib/mno-hw-mul\libstdc++.a(del_op.o)
 .text._ZdlPv   0x000000000400b5b8        0x4 c:/intelfpga_lite/18.1/nios2eds/bin/gnu/h-x86_64-mingw32/bin/../lib/gcc/nios2-elf/5.3.0/../../../../../H-x86_64-mingw32/nios2-elf/lib/mno-hw-mul\libstdc++.a(del_op.o)
                0x000000000400b5b8                operator delete(void*)
 .text          0x000000000400b5bc        0x0 c:/intelfpga_lite/18.1/nios2eds/bin/gnu/h-x86_64-mingw32/bin/../lib/gcc/nios2-elf/5.3.0/../../../../../H-x86_64-mingw32/nios2-elf/lib/mno-hw-mul\libstdc++.a(pure.o)
 .text.__cxa_pure_virtual
                0x000000000400b5bc       0x20 c:/intelfpga_lite/18.1/nios2eds/bin/gnu/h-x86_64-mingw32/bin/../lib/gcc/nios2-elf/5.3.0/../../../../../H-x86_64-mingw32/nios2-elf/lib/mno-hw-mul\libstdc++.a(pure.o)
                0x000000000400b5bc                __cxa_pure_virtual
 .text.__cxa_deleted_virtual
                0x000000000400b5dc       0x20 c:/intelfpga_lite/18.1/nios2eds/bin/gnu/h-x86_64-mingw32/bin/../lib/gcc/nios2-elf/5.3.0/../../../../../H-x86_64-mingw32/nios2-elf/lib/mno-hw-mul\libstdc++.a(pure.o)
                0x000000000400b5dc                __cxa_deleted_virtual
 .text          0x000000000400b5fc        0x0 c:/intelfpga_lite/18.1/nios2eds/bin/gnu/h-x86_64-mingw32/bin/../lib/gcc/nios2-elf/5.3.0/../../../../../H-x86_64-mingw32/nios2-elf/lib/mno-hw-mul\libstdc++.a(class_type_info.o)
 .text._ZNK10__cxxabiv117__class_type_info11__do_upcastEPKS0_PPv
                0x000000000400b5fc       0x78 c:/intelfpga_lite/18.1/nios2eds/bin/gnu/h-x86_64-mingw32/bin/../lib/gcc/nios2-elf/5.3.0/../../../../../H-x86_64-mingw32/nios2-elf/lib/mno-hw-mul\libstdc++.a(class_type_info.o)
                0x000000000400b5fc                __cxxabiv1::__class_type_info::__do_upcast(__cxxabiv1::__class_type_info const*, void**) const
 .text._ZNK10__cxxabiv117__class_type_info20__do_find_public_srcEiPKvPKS0_S2_
                0x000000000400b674       0x18 c:/intelfpga_lite/18.1/nios2eds/bin/gnu/h-x86_64-mingw32/bin/../lib/gcc/nios2-elf/5.3.0/../../../../../H-x86_64-mingw32/nios2-elf/lib/mno-hw-mul\libstdc++.a(class_type_info.o)
                0x000000000400b674                __cxxabiv1::__class_type_info::__do_find_public_src(int, void const*, __cxxabiv1::__class_type_info const*, void const*) const
 .text._ZN10__cxxabiv117__class_type_infoD2Ev
                0x000000000400b68c       0x10 c:/intelfpga_lite/18.1/nios2eds/bin/gnu/h-x86_64-mingw32/bin/../lib/gcc/nios2-elf/5.3.0/../../../../../H-x86_64-mingw32/nios2-elf/lib/mno-hw-mul\libstdc++.a(class_type_info.o)
                0x000000000400b68c                __cxxabiv1::__class_type_info::~__class_type_info()
                0x000000000400b68c                __cxxabiv1::__class_type_info::~__class_type_info()
 .text._ZN10__cxxabiv117__class_type_infoD0Ev
                0x000000000400b69c       0x34 c:/intelfpga_lite/18.1/nios2eds/bin/gnu/h-x86_64-mingw32/bin/../lib/gcc/nios2-elf/5.3.0/../../../../../H-x86_64-mingw32/nios2-elf/lib/mno-hw-mul\libstdc++.a(class_type_info.o)
                0x000000000400b69c                __cxxabiv1::__class_type_info::~__class_type_info()
 .text._ZNK10__cxxabiv117__class_type_info11__do_upcastEPKS0_PKvRNS0_15__upcast_resultE
                0x000000000400b6d0       0x6c c:/intelfpga_lite/18.1/nios2eds/bin/gnu/h-x86_64-mingw32/bin/../lib/gcc/nios2-elf/5.3.0/../../../../../H-x86_64-mingw32/nios2-elf/lib/mno-hw-mul\libstdc++.a(class_type_info.o)
                0x000000000400b6d0                __cxxabiv1::__class_type_info::__do_upcast(__cxxabiv1::__class_type_info const*, void const*, __cxxabiv1::__class_type_info::__upcast_result&) const
 .text._ZNK10__cxxabiv117__class_type_info12__do_dyncastEiNS0_10__sub_kindEPKS0_PKvS3_S5_RNS0_16__dyncast_resultE
                0x000000000400b73c       0xd0 c:/intelfpga_lite/18.1/nios2eds/bin/gnu/h-x86_64-mingw32/bin/../lib/gcc/nios2-elf/5.3.0/../../../../../H-x86_64-mingw32/nios2-elf/lib/mno-hw-mul\libstdc++.a(class_type_info.o)
                0x000000000400b73c                __cxxabiv1::__class_type_info::__do_dyncast(int, __cxxabiv1::__class_type_info::__sub_kind, __cxxabiv1::__class_type_info const*, void const*, __cxxabiv1::__class_type_info const*, void const*, __cxxabiv1::__class_type_info::__dyncast_result&) const
 .text._ZNK10__cxxabiv117__class_type_info10__do_catchEPKSt9type_infoPPvj
                0x000000000400b80c       0xb8 c:/intelfpga_lite/18.1/nios2eds/bin/gnu/h-x86_64-mingw32/bin/../lib/gcc/nios2-elf/5.3.0/../../../../../H-x86_64-mingw32/nios2-elf/lib/mno-hw-mul\libstdc++.a(class_type_info.o)
                0x000000000400b80c                __cxxabiv1::__class_type_info::__do_catch(std::type_info const*, void**, unsigned int) const
 .text          0x000000000400b8c4        0x0 c:/intelfpga_lite/18.1/nios2eds/bin/gnu/h-x86_64-mingw32/bin/../lib/gcc/nios2-elf/5.3.0/../../../../../H-x86_64-mingw32/nios2-elf/lib/mno-hw-mul\libstdc++.a(eh_terminate.o)
 .text._ZN10__cxxabiv111__terminateEPFvvE
                0x000000000400b8c4       0xc0 c:/intelfpga_lite/18.1/nios2eds/bin/gnu/h-x86_64-mingw32/bin/../lib/gcc/nios2-elf/5.3.0/../../../../../H-x86_64-mingw32/nios2-elf/lib/mno-hw-mul\libstdc++.a(eh_terminate.o)
                0x000000000400b8c4                __cxxabiv1::__terminate(void (*)())
 .text._ZSt9terminatev
                0x000000000400b984       0x18 c:/intelfpga_lite/18.1/nios2eds/bin/gnu/h-x86_64-mingw32/bin/../lib/gcc/nios2-elf/5.3.0/../../../../../H-x86_64-mingw32/nios2-elf/lib/mno-hw-mul\libstdc++.a(eh_terminate.o)
                0x000000000400b984                std::terminate()
 .text._ZN10__cxxabiv112__unexpectedEPFvvE
                0x000000000400b99c       0x10 c:/intelfpga_lite/18.1/nios2eds/bin/gnu/h-x86_64-mingw32/bin/../lib/gcc/nios2-elf/5.3.0/../../../../../H-x86_64-mingw32/nios2-elf/lib/mno-hw-mul\libstdc++.a(eh_terminate.o)
                0x000000000400b99c                __cxxabiv1::__unexpected(void (*)())
 .text._ZSt10unexpectedv
                0x000000000400b9ac       0x18 c:/intelfpga_lite/18.1/nios2eds/bin/gnu/h-x86_64-mingw32/bin/../lib/gcc/nios2-elf/5.3.0/../../../../../H-x86_64-mingw32/nios2-elf/lib/mno-hw-mul\libstdc++.a(eh_terminate.o)
                0x000000000400b9ac                std::unexpected()
 .text._ZSt13set_terminatePFvvE
                0x000000000400b9c4       0x14 c:/intelfpga_lite/18.1/nios2eds/bin/gnu/h-x86_64-mingw32/bin/../lib/gcc/nios2-elf/5.3.0/../../../../../H-x86_64-mingw32/nios2-elf/lib/mno-hw-mul\libstdc++.a(eh_terminate.o)
                0x000000000400b9c4                std::set_terminate(void (*)())
 .text._ZSt13get_terminatev
                0x000000000400b9d8       0x10 c:/intelfpga_lite/18.1/nios2eds/bin/gnu/h-x86_64-mingw32/bin/../lib/gcc/nios2-elf/5.3.0/../../../../../H-x86_64-mingw32/nios2-elf/lib/mno-hw-mul\libstdc++.a(eh_terminate.o)
                0x000000000400b9d8                std::get_terminate()
 .text._ZSt14set_unexpectedPFvvE
                0x000000000400b9e8       0x14 c:/intelfpga_lite/18.1/nios2eds/bin/gnu/h-x86_64-mingw32/bin/../lib/gcc/nios2-elf/5.3.0/../../../../../H-x86_64-mingw32/nios2-elf/lib/mno-hw-mul\libstdc++.a(eh_terminate.o)
                0x000000000400b9e8                std::set_unexpected(void (*)())
 .text._ZSt14get_unexpectedv
                0x000000000400b9fc       0x10 c:/intelfpga_lite/18.1/nios2eds/bin/gnu/h-x86_64-mingw32/bin/../lib/gcc/nios2-elf/5.3.0/../../../../../H-x86_64-mingw32/nios2-elf/lib/mno-hw-mul\libstdc++.a(eh_terminate.o)
                0x000000000400b9fc                std::get_unexpected()
 .text          0x000000000400ba0c        0x0 c:/intelfpga_lite/18.1/nios2eds/bin/gnu/h-x86_64-mingw32/bin/../lib/gcc/nios2-elf/5.3.0/../../../../../H-x86_64-mingw32/nios2-elf/lib/mno-hw-mul\libstdc++.a(eh_unex_handler.o)
 .text          0x000000000400ba0c        0x0 c:/intelfpga_lite/18.1/nios2eds/bin/gnu/h-x86_64-mingw32/bin/../lib/gcc/nios2-elf/5.3.0/../../../../../H-x86_64-mingw32/nios2-elf/lib/mno-hw-mul\libstdc++.a(eh_term_handler.o)
 .text          0x000000000400ba0c        0x0 c:/intelfpga_lite/18.1/nios2eds/bin/gnu/h-x86_64-mingw32/bin/../lib/gcc/nios2-elf/5.3.0/../../../../../H-x86_64-mingw32/nios2-elf/lib/mno-hw-mul\libstdc++.a(eh_personality.o)
 .text._ZL21size_of_encoded_valueh
                0x000000000400ba0c       0xa4 c:/intelfpga_lite/18.1/nios2eds/bin/gnu/h-x86_64-mingw32/bin/../lib/gcc/nios2-elf/5.3.0/../../../../../H-x86_64-mingw32/nios2-elf/lib/mno-hw-mul\libstdc++.a(eh_personality.o)
 .text._ZL28read_encoded_value_with_basehjPKhPj
                0x000000000400bab0      0x20c c:/intelfpga_lite/18.1/nios2eds/bin/gnu/h-x86_64-mingw32/bin/../lib/gcc/nios2-elf/5.3.0/../../../../../H-x86_64-mingw32/nios2-elf/lib/mno-hw-mul\libstdc++.a(eh_personality.o)
 .text._ZL15get_ttype_entryP16lsda_header_infom
                0x000000000400bcbc       0x54 c:/intelfpga_lite/18.1/nios2eds/bin/gnu/h-x86_64-mingw32/bin/../lib/gcc/nios2-elf/5.3.0/../../../../../H-x86_64-mingw32/nios2-elf/lib/mno-hw-mul\libstdc++.a(eh_personality.o)
 .text._ZL21base_of_encoded_valuehP15_Unwind_Context
                0x000000000400bd10       0x8c c:/intelfpga_lite/18.1/nios2eds/bin/gnu/h-x86_64-mingw32/bin/../lib/gcc/nios2-elf/5.3.0/../../../../../H-x86_64-mingw32/nios2-elf/lib/mno-hw-mul\libstdc++.a(eh_personality.o)
 .text._ZL17parse_lsda_headerP15_Unwind_ContextPKhP16lsda_header_info
                0x000000000400bd9c      0x134 c:/intelfpga_lite/18.1/nios2eds/bin/gnu/h-x86_64-mingw32/bin/../lib/gcc/nios2-elf/5.3.0/../../../../../H-x86_64-mingw32/nios2-elf/lib/mno-hw-mul\libstdc++.a(eh_personality.o)
 .text._ZL16get_adjusted_ptrPKSt9type_infoS1_PPv.constprop.3
                0x000000000400bed0       0x88 c:/intelfpga_lite/18.1/nios2eds/bin/gnu/h-x86_64-mingw32/bin/../lib/gcc/nios2-elf/5.3.0/../../../../../H-x86_64-mingw32/nios2-elf/lib/mno-hw-mul\libstdc++.a(eh_personality.o)
 .text.unlikely._ZL28check_compact_exception_specPKSt9type_infoPvPKhij
                0x000000000400bf58      0x22c c:/intelfpga_lite/18.1/nios2eds/bin/gnu/h-x86_64-mingw32/bin/../lib/gcc/nios2-elf/5.3.0/../../../../../H-x86_64-mingw32/nios2-elf/lib/mno-hw-mul\libstdc++.a(eh_personality.o)
 .text._ZL20check_exception_specP16lsda_header_infoPKSt9type_infoPvl
                0x000000000400c184       0xa8 c:/intelfpga_lite/18.1/nios2eds/bin/gnu/h-x86_64-mingw32/bin/../lib/gcc/nios2-elf/5.3.0/../../../../../H-x86_64-mingw32/nios2-elf/lib/mno-hw-mul\libstdc++.a(eh_personality.o)
 .text.__gxx_personality_sj0
                0x000000000400c22c      0x600 c:/intelfpga_lite/18.1/nios2eds/bin/gnu/h-x86_64-mingw32/bin/../lib/gcc/nios2-elf/5.3.0/../../../../../H-x86_64-mingw32/nios2-elf/lib/mno-hw-mul\libstdc++.a(eh_personality.o)
                0x000000000400c22c                __gxx_personality_sj0
 .text.__cxa_call_unexpected
                0x000000000400c82c      0x230 c:/intelfpga_lite/18.1/nios2eds/bin/gnu/h-x86_64-mingw32/bin/../lib/gcc/nios2-elf/5.3.0/../../../../../H-x86_64-mingw32/nios2-elf/lib/mno-hw-mul\libstdc++.a(eh_personality.o)
                0x000000000400c82c                __cxa_call_unexpected
 .text          0x000000000400ca5c        0x0 c:/intelfpga_lite/18.1/nios2eds/bin/gnu/h-x86_64-mingw32/bin/../lib/gcc/nios2-elf/5.3.0/../../../../../H-x86_64-mingw32/nios2-elf/lib/mno-hw-mul\libstdc++.a(eh_throw.o)
 .text._ZL23__gxx_exception_cleanup19_Unwind_Reason_CodeP17_Unwind_Exception
                0x000000000400ca5c       0x44 c:/intelfpga_lite/18.1/nios2eds/bin/gnu/h-x86_64-mingw32/bin/../lib/gcc/nios2-elf/5.3.0/../../../../../H-x86_64-mingw32/nios2-elf/lib/mno-hw-mul\libstdc++.a(eh_throw.o)
 .text.__cxa_throw
                0x000000000400caa0       0x90 c:/intelfpga_lite/18.1/nios2eds/bin/gnu/h-x86_64-mingw32/bin/../lib/gcc/nios2-elf/5.3.0/../../../../../H-x86_64-mingw32/nios2-elf/lib/mno-hw-mul\libstdc++.a(eh_throw.o)
                0x000000000400caa0                __cxa_throw
 .text.__cxa_rethrow
                0x000000000400cb30       0x84 c:/intelfpga_lite/18.1/nios2eds/bin/gnu/h-x86_64-mingw32/bin/../lib/gcc/nios2-elf/5.3.0/../../../../../H-x86_64-mingw32/nios2-elf/lib/mno-hw-mul\libstdc++.a(eh_throw.o)
                0x000000000400cb30                __cxa_rethrow
 .text          0x000000000400cbb4        0x0 c:/intelfpga_lite/18.1/nios2eds/bin/gnu/h-x86_64-mingw32/bin/../lib/gcc/nios2-elf/5.3.0/../../../../../H-x86_64-mingw32/nios2-elf/lib/mno-hw-mul\libstdc++.a(eh_catch.o)
 .text.__cxa_get_exception_ptr
                0x000000000400cbb4        0x8 c:/intelfpga_lite/18.1/nios2eds/bin/gnu/h-x86_64-mingw32/bin/../lib/gcc/nios2-elf/5.3.0/../../../../../H-x86_64-mingw32/nios2-elf/lib/mno-hw-mul\libstdc++.a(eh_catch.o)
                0x000000000400cbb4                __cxa_get_exception_ptr
 .text.__cxa_begin_catch
                0x000000000400cbbc       0xb4 c:/intelfpga_lite/18.1/nios2eds/bin/gnu/h-x86_64-mingw32/bin/../lib/gcc/nios2-elf/5.3.0/../../../../../H-x86_64-mingw32/nios2-elf/lib/mno-hw-mul\libstdc++.a(eh_catch.o)
                0x000000000400cbbc                __cxa_begin_catch
 .text.__cxa_end_catch
                0x000000000400cc70       0xb4 c:/intelfpga_lite/18.1/nios2eds/bin/gnu/h-x86_64-mingw32/bin/../lib/gcc/nios2-elf/5.3.0/../../../../../H-x86_64-mingw32/nios2-elf/lib/mno-hw-mul\libstdc++.a(eh_catch.o)
                0x000000000400cc70                __cxa_end_catch
 .text._ZSt18uncaught_exceptionv
                0x000000000400cd24       0x20 c:/intelfpga_lite/18.1/nios2eds/bin/gnu/h-x86_64-mingw32/bin/../lib/gcc/nios2-elf/5.3.0/../../../../../H-x86_64-mingw32/nios2-elf/lib/mno-hw-mul\libstdc++.a(eh_catch.o)
                0x000000000400cd24                std::uncaught_exception()
 .text          0x000000000400cd44        0x0 c:/intelfpga_lite/18.1/nios2eds/bin/gnu/h-x86_64-mingw32/bin/../lib/gcc/nios2-elf/5.3.0/../../../../../H-x86_64-mingw32/nios2-elf/lib/mno-hw-mul\libstdc++.a(eh_alloc.o)
 .text._ZN12_GLOBAL__N_14pool4freeEPv.constprop.4
                0x000000000400cd44       0xb8 c:/intelfpga_lite/18.1/nios2eds/bin/gnu/h-x86_64-mingw32/bin/../lib/gcc/nios2-elf/5.3.0/../../../../../H-x86_64-mingw32/nios2-elf/lib/mno-hw-mul\libstdc++.a(eh_alloc.o)
 .text._ZN12_GLOBAL__N_14pool8allocateEj.constprop.5
                0x000000000400cdfc       0xa8 c:/intelfpga_lite/18.1/nios2eds/bin/gnu/h-x86_64-mingw32/bin/../lib/gcc/nios2-elf/5.3.0/../../../../../H-x86_64-mingw32/nios2-elf/lib/mno-hw-mul\libstdc++.a(eh_alloc.o)
 .text.__cxa_allocate_exception
                0x000000000400cea4       0x60 c:/intelfpga_lite/18.1/nios2eds/bin/gnu/h-x86_64-mingw32/bin/../lib/gcc/nios2-elf/5.3.0/../../../../../H-x86_64-mingw32/nios2-elf/lib/mno-hw-mul\libstdc++.a(eh_alloc.o)
                0x000000000400cea4                __cxa_allocate_exception
 .text.__cxa_free_exception
                0x000000000400cf04       0x28 c:/intelfpga_lite/18.1/nios2eds/bin/gnu/h-x86_64-mingw32/bin/../lib/gcc/nios2-elf/5.3.0/../../../../../H-x86_64-mingw32/nios2-elf/lib/mno-hw-mul\libstdc++.a(eh_alloc.o)
                0x000000000400cf04                __cxa_free_exception
 .text.__cxa_allocate_dependent_exception
                0x000000000400cf2c       0x54 c:/intelfpga_lite/18.1/nios2eds/bin/gnu/h-x86_64-mingw32/bin/../lib/gcc/nios2-elf/5.3.0/../../../../../H-x86_64-mingw32/nios2-elf/lib/mno-hw-mul\libstdc++.a(eh_alloc.o)
                0x000000000400cf2c                __cxa_allocate_dependent_exception
 .text.__cxa_free_dependent_exception
                0x000000000400cf80       0x2c c:/intelfpga_lite/18.1/nios2eds/bin/gnu/h-x86_64-mingw32/bin/../lib/gcc/nios2-elf/5.3.0/../../../../../H-x86_64-mingw32/nios2-elf/lib/mno-hw-mul\libstdc++.a(eh_alloc.o)
                0x000000000400cf80                __cxa_free_dependent_exception
 .text.startup._GLOBAL__sub_I___cxa_allocate_exception
                0x000000000400cfac       0x5c c:/intelfpga_lite/18.1/nios2eds/bin/gnu/h-x86_64-mingw32/bin/../lib/gcc/nios2-elf/5.3.0/../../../../../H-x86_64-mingw32/nios2-elf/lib/mno-hw-mul\libstdc++.a(eh_alloc.o)
 .text          0x000000000400d008        0x0 c:/intelfpga_lite/18.1/nios2eds/bin/gnu/h-x86_64-mingw32/bin/../lib/gcc/nios2-elf/5.3.0/../../../../../H-x86_64-mingw32/nios2-elf/lib/mno-hw-mul\libstdc++.a(eh_call.o)
 .text.__cxa_call_terminate
                0x000000000400d008       0x58 c:/intelfpga_lite/18.1/nios2eds/bin/gnu/h-x86_64-mingw32/bin/../lib/gcc/nios2-elf/5.3.0/../../../../../H-x86_64-mingw32/nios2-elf/lib/mno-hw-mul\libstdc++.a(eh_call.o)
                0x000000000400d008                __cxa_call_terminate
 .text          0x000000000400d060        0x0 c:/intelfpga_lite/18.1/nios2eds/bin/gnu/h-x86_64-mingw32/bin/../lib/gcc/nios2-elf/5.3.0/../../../../../H-x86_64-mingw32/nios2-elf/lib/mno-hw-mul\libstdc++.a(eh_globals.o)
 .text.__cxa_get_globals_fast
                0x000000000400d060        0xc c:/intelfpga_lite/18.1/nios2eds/bin/gnu/h-x86_64-mingw32/bin/../lib/gcc/nios2-elf/5.3.0/../../../../../H-x86_64-mingw32/nios2-elf/lib/mno-hw-mul\libstdc++.a(eh_globals.o)
                0x000000000400d060                __cxa_get_globals_fast
 .text.__cxa_get_globals
                0x000000000400d06c        0xc c:/intelfpga_lite/18.1/nios2eds/bin/gnu/h-x86_64-mingw32/bin/../lib/gcc/nios2-elf/5.3.0/../../../../../H-x86_64-mingw32/nios2-elf/lib/mno-hw-mul\libstdc++.a(eh_globals.o)
                0x000000000400d06c                __cxa_get_globals
 .text          0x000000000400d078        0x0 c:/intelfpga_lite/18.1/nios2eds/bin/gnu/h-x86_64-mingw32/bin/../lib/gcc/nios2-elf/5.3.0/../../../../../H-x86_64-mingw32/nios2-elf/lib/mno-hw-mul\libstdc++.a(eh_exception.o)
 .text._ZNSt9exceptionD2Ev
                0x000000000400d078        0x4 c:/intelfpga_lite/18.1/nios2eds/bin/gnu/h-x86_64-mingw32/bin/../lib/gcc/nios2-elf/5.3.0/../../../../../H-x86_64-mingw32/nios2-elf/lib/mno-hw-mul\libstdc++.a(eh_exception.o)
                0x000000000400d078                std::exception::~exception()
                0x000000000400d078                std::exception::~exception()
 .text._ZNSt13bad_exceptionD2Ev
                0x000000000400d07c        0x4 c:/intelfpga_lite/18.1/nios2eds/bin/gnu/h-x86_64-mingw32/bin/../lib/gcc/nios2-elf/5.3.0/../../../../../H-x86_64-mingw32/nios2-elf/lib/mno-hw-mul\libstdc++.a(eh_exception.o)
                0x000000000400d07c                std::bad_exception::~bad_exception()
                0x000000000400d07c                std::bad_exception::~bad_exception()
 .text._ZNKSt9exception4whatEv
                0x000000000400d080        0xc c:/intelfpga_lite/18.1/nios2eds/bin/gnu/h-x86_64-mingw32/bin/../lib/gcc/nios2-elf/5.3.0/../../../../../H-x86_64-mingw32/nios2-elf/lib/mno-hw-mul\libstdc++.a(eh_exception.o)
                0x000000000400d080                std::exception::what() const
 .text._ZNKSt13bad_exception4whatEv
                0x000000000400d08c        0xc c:/intelfpga_lite/18.1/nios2eds/bin/gnu/h-x86_64-mingw32/bin/../lib/gcc/nios2-elf/5.3.0/../../../../../H-x86_64-mingw32/nios2-elf/lib/mno-hw-mul\libstdc++.a(eh_exception.o)
                0x000000000400d08c                std::bad_exception::what() const
 .text._ZNSt9exceptionD0Ev
                0x000000000400d098        0x4 c:/intelfpga_lite/18.1/nios2eds/bin/gnu/h-x86_64-mingw32/bin/../lib/gcc/nios2-elf/5.3.0/../../../../../H-x86_64-mingw32/nios2-elf/lib/mno-hw-mul\libstdc++.a(eh_exception.o)
                0x000000000400d098                std::exception::~exception()
 .text._ZNSt13bad_exceptionD0Ev
                0x000000000400d09c        0x4 c:/intelfpga_lite/18.1/nios2eds/bin/gnu/h-x86_64-mingw32/bin/../lib/gcc/nios2-elf/5.3.0/../../../../../H-x86_64-mingw32/nios2-elf/lib/mno-hw-mul\libstdc++.a(eh_exception.o)
                0x000000000400d09c                std::bad_exception::~bad_exception()
 .text._ZN10__cxxabiv115__forced_unwindD2Ev
                0x000000000400d0a0        0x4 c:/intelfpga_lite/18.1/nios2eds/bin/gnu/h-x86_64-mingw32/bin/../lib/gcc/nios2-elf/5.3.0/../../../../../H-x86_64-mingw32/nios2-elf/lib/mno-hw-mul\libstdc++.a(eh_exception.o)
                0x000000000400d0a0                __cxxabiv1::__forced_unwind::~__forced_unwind()
                0x000000000400d0a0                __cxxabiv1::__forced_unwind::~__forced_unwind()
 .text._ZN10__cxxabiv115__forced_unwindD0Ev
                0x000000000400d0a4        0x4 c:/intelfpga_lite/18.1/nios2eds/bin/gnu/h-x86_64-mingw32/bin/../lib/gcc/nios2-elf/5.3.0/../../../../../H-x86_64-mingw32/nios2-elf/lib/mno-hw-mul\libstdc++.a(eh_exception.o)
                0x000000000400d0a4                __cxxabiv1::__forced_unwind::~__forced_unwind()
 .text._ZN10__cxxabiv119__foreign_exceptionD2Ev
                0x000000000400d0a8        0x4 c:/intelfpga_lite/18.1/nios2eds/bin/gnu/h-x86_64-mingw32/bin/../lib/gcc/nios2-elf/5.3.0/../../../../../H-x86_64-mingw32/nios2-elf/lib/mno-hw-mul\libstdc++.a(eh_exception.o)
                0x000000000400d0a8                __cxxabiv1::__foreign_exception::~__foreign_exception()
                0x000000000400d0a8                __cxxabiv1::__foreign_exception::~__foreign_exception()
 .text._ZN10__cxxabiv119__foreign_exceptionD0Ev
                0x000000000400d0ac        0x4 c:/intelfpga_lite/18.1/nios2eds/bin/gnu/h-x86_64-mingw32/bin/../lib/gcc/nios2-elf/5.3.0/../../../../../H-x86_64-mingw32/nios2-elf/lib/mno-hw-mul\libstdc++.a(eh_exception.o)
                0x000000000400d0ac                __cxxabiv1::__foreign_exception::~__foreign_exception()
 .text          0x000000000400d0b0       0x60 c:/intelfpga_lite/18.1/nios2eds/bin/gnu/h-x86_64-mingw32/bin/../lib/gcc/nios2-elf/5.3.0/mno-hw-mul\libgcc.a(_fixunssfsi.o)
                0x000000000400d0b0                __fixunssfsi
 .text          0x000000000400d110      0x1b4 c:/intelfpga_lite/18.1/nios2eds/bin/gnu/h-x86_64-mingw32/bin/../lib/gcc/nios2-elf/5.3.0/mno-hw-mul\libgcc.a(lib2-divmod.o)
                0x000000000400d110                __divsi3
                0x000000000400d194                __modsi3
                0x000000000400d208                __udivsi3
                0x000000000400d26c                __umodsi3
 .text          0x000000000400d2c4       0x28 c:/intelfpga_lite/18.1/nios2eds/bin/gnu/h-x86_64-mingw32/bin/../lib/gcc/nios2-elf/5.3.0/mno-hw-mul\libgcc.a(lib2-mul.o)
                0x000000000400d2c4                __mulsi3
 .text          0x000000000400d2ec       0xbc c:/intelfpga_lite/18.1/nios2eds/bin/gnu/h-x86_64-mingw32/bin/../lib/gcc/nios2-elf/5.3.0/mno-hw-mul\libgcc.a(gesf2.o)
                0x000000000400d2ec                __gesf2
                0x000000000400d2ec                __gtsf2
 .text          0x000000000400d3a8      0x430 c:/intelfpga_lite/18.1/nios2eds/bin/gnu/h-x86_64-mingw32/bin/../lib/gcc/nios2-elf/5.3.0/mno-hw-mul\libgcc.a(mulsf3.o)
                0x000000000400d3a8                __mulsf3
 .text          0x000000000400d7d8      0x4e4 c:/intelfpga_lite/18.1/nios2eds/bin/gnu/h-x86_64-mingw32/bin/../lib/gcc/nios2-elf/5.3.0/mno-hw-mul\libgcc.a(subsf3.o)
                0x000000000400d7d8                __subsf3
 .text          0x000000000400dcbc       0x70 c:/intelfpga_lite/18.1/nios2eds/bin/gnu/h-x86_64-mingw32/bin/../lib/gcc/nios2-elf/5.3.0/mno-hw-mul\libgcc.a(fixsfsi.o)
                0x000000000400dcbc                __fixsfsi
 .text          0x000000000400dd2c       0xf0 c:/intelfpga_lite/18.1/nios2eds/bin/gnu/h-x86_64-mingw32/bin/../lib/gcc/nios2-elf/5.3.0/mno-hw-mul\libgcc.a(floatunsisf.o)
                0x000000000400dd2c                __floatunsisf
 .text          0x000000000400de1c      0x520 c:/intelfpga_lite/18.1/nios2eds/bin/gnu/h-x86_64-mingw32/bin/../lib/gcc/nios2-elf/5.3.0/mno-hw-mul\libgcc.a(unwind-sjlj.o)
                0x000000000400e024                _Unwind_SjLj_Register
                0x000000000400e03c                _Unwind_SjLj_Unregister
                0x000000000400e050                _Unwind_GetGR
                0x000000000400e06c                _Unwind_GetCFA
                0x000000000400e084                _Unwind_SetGR
                0x000000000400e0a0                _Unwind_GetIP
                0x000000000400e0b0                _Unwind_GetIPInfo
                0x000000000400e0d0                _Unwind_SetIP
                0x000000000400e0e0                _Unwind_GetLanguageSpecificData
                0x000000000400e0ec                _Unwind_GetRegionStart
                0x000000000400e0f4                _Unwind_FindEnclosingFunction
                0x000000000400e0fc                _Unwind_GetDataRelBase
                0x000000000400e104                _Unwind_GetTextRelBase
                0x000000000400e10c                _Unwind_SjLj_RaiseException
                0x000000000400e1dc                _Unwind_SjLj_ForcedUnwind
                0x000000000400e220                _Unwind_SjLj_Resume
                0x000000000400e264                _Unwind_SjLj_Resume_or_Rethrow
                0x000000000400e2b0                _Unwind_DeleteException
                0x000000000400e2c8                _Unwind_Backtrace
 .text          0x000000000400e33c       0x64 c:/intelfpga_lite/18.1/nios2eds/bin/gnu/h-x86_64-mingw32/bin/../lib/gcc/nios2-elf/5.3.0/mno-hw-mul\libgcc.a(_clzsi2.o)
                0x000000000400e33c                __clzsi2
 .text          0x000000000400e3a0        0x0 c:/intelfpga_lite/18.1/nios2eds/bin/gnu/h-x86_64-mingw32/bin/../lib/gcc/nios2-elf/5.3.0/mno-hw-mul\libgcc.a(_clz.o)
 .text          0x000000000400e3a0        0x0 c:/intelfpga_lite/18.1/nios2eds/bin/gnu/h-x86_64-mingw32/bin/../lib/gcc/nios2-elf/5.3.0/../../../../../H-x86_64-mingw32/nios2-elf/lib/mno-hw-mul\libc.a(lib_a-abort.o)
 .text.abort    0x000000000400e3a0       0x18 c:/intelfpga_lite/18.1/nios2eds/bin/gnu/h-x86_64-mingw32/bin/../lib/gcc/nios2-elf/5.3.0/../../../../../H-x86_64-mingw32/nios2-elf/lib/mno-hw-mul\libc.a(lib_a-abort.o)
                0x000000000400e3a0                abort
 .text          0x000000000400e3b8        0x0 c:/intelfpga_lite/18.1/nios2eds/bin/gnu/h-x86_64-mingw32/bin/../lib/gcc/nios2-elf/5.3.0/../../../../../H-x86_64-mingw32/nios2-elf/lib/mno-hw-mul\libc.a(lib_a-clock.o)
 .text.clock    0x000000000400e3b8       0x4c c:/intelfpga_lite/18.1/nios2eds/bin/gnu/h-x86_64-mingw32/bin/../lib/gcc/nios2-elf/5.3.0/../../../../../H-x86_64-mingw32/nios2-elf/lib/mno-hw-mul\libc.a(lib_a-clock.o)
                0x000000000400e3b8                clock
 .text          0x000000000400e404        0x0 c:/intelfpga_lite/18.1/nios2eds/bin/gnu/h-x86_64-mingw32/bin/../lib/gcc/nios2-elf/5.3.0/../../../../../H-x86_64-mingw32/nios2-elf/lib/mno-hw-mul\libc.a(lib_a-impure.o)
 .text          0x000000000400e404        0x0 c:/intelfpga_lite/18.1/nios2eds/bin/gnu/h-x86_64-mingw32/bin/../lib/gcc/nios2-elf/5.3.0/../../../../../H-x86_64-mingw32/nios2-elf/lib/mno-hw-mul\libc.a(lib_a-malloc.o)
 .text.malloc   0x000000000400e404       0x14 c:/intelfpga_lite/18.1/nios2eds/bin/gnu/h-x86_64-mingw32/bin/../lib/gcc/nios2-elf/5.3.0/../../../../../H-x86_64-mingw32/nios2-elf/lib/mno-hw-mul\libc.a(lib_a-malloc.o)
                0x000000000400e404                malloc
 .text.free     0x000000000400e418       0x14 c:/intelfpga_lite/18.1/nios2eds/bin/gnu/h-x86_64-mingw32/bin/../lib/gcc/nios2-elf/5.3.0/../../../../../H-x86_64-mingw32/nios2-elf/lib/mno-hw-mul\libc.a(lib_a-malloc.o)
                0x000000000400e418                free
 .text          0x000000000400e42c        0x0 c:/intelfpga_lite/18.1/nios2eds/bin/gnu/h-x86_64-mingw32/bin/../lib/gcc/nios2-elf/5.3.0/../../../../../H-x86_64-mingw32/nios2-elf/lib/mno-hw-mul\libc.a(lib_a-mallocr.o)
 .text._malloc_r
                0x000000000400e42c      0x80c c:/intelfpga_lite/18.1/nios2eds/bin/gnu/h-x86_64-mingw32/bin/../lib/gcc/nios2-elf/5.3.0/../../../../../H-x86_64-mingw32/nios2-elf/lib/mno-hw-mul\libc.a(lib_a-mallocr.o)
                0x000000000400e42c                _malloc_r
 .text          0x000000000400ec38        0x0 c:/intelfpga_lite/18.1/nios2eds/bin/gnu/h-x86_64-mingw32/bin/../lib/gcc/nios2-elf/5.3.0/../../../../../H-x86_64-mingw32/nios2-elf/lib/mno-hw-mul\libc.a(lib_a-memcpy.o)
 .text.memcpy   0x000000000400ec38      0x148 c:/intelfpga_lite/18.1/nios2eds/bin/gnu/h-x86_64-mingw32/bin/../lib/gcc/nios2-elf/5.3.0/../../../../../H-x86_64-mingw32/nios2-elf/lib/mno-hw-mul\libc.a(lib_a-memcpy.o)
                0x000000000400ec38                memcpy
 .text          0x000000000400ed80        0x0 c:/intelfpga_lite/18.1/nios2eds/bin/gnu/h-x86_64-mingw32/bin/../lib/gcc/nios2-elf/5.3.0/../../../../../H-x86_64-mingw32/nios2-elf/lib/mno-hw-mul\libc.a(lib_a-memset.o)
 .text.memset   0x000000000400ed80      0x128 c:/intelfpga_lite/18.1/nios2eds/bin/gnu/h-x86_64-mingw32/bin/../lib/gcc/nios2-elf/5.3.0/../../../../../H-x86_64-mingw32/nios2-elf/lib/mno-hw-mul\libc.a(lib_a-memset.o)
                0x000000000400ed80                memset
 .text          0x000000000400eea8        0x0 c:/intelfpga_lite/18.1/nios2eds/bin/gnu/h-x86_64-mingw32/bin/../lib/gcc/nios2-elf/5.3.0/../../../../../H-x86_64-mingw32/nios2-elf/lib/mno-hw-mul\libc.a(lib_a-printf.o)
 .text._printf_r
                0x000000000400eea8       0x30 c:/intelfpga_lite/18.1/nios2eds/bin/gnu/h-x86_64-mingw32/bin/../lib/gcc/nios2-elf/5.3.0/../../../../../H-x86_64-mingw32/nios2-elf/lib/mno-hw-mul\libc.a(lib_a-printf.o)
                0x000000000400eea8                _printf_r
 .text.printf   0x000000000400eed8       0x3c c:/intelfpga_lite/18.1/nios2eds/bin/gnu/h-x86_64-mingw32/bin/../lib/gcc/nios2-elf/5.3.0/../../../../../H-x86_64-mingw32/nios2-elf/lib/mno-hw-mul\libc.a(lib_a-printf.o)
                0x000000000400eed8                printf
 .text          0x000000000400ef14        0x0 c:/intelfpga_lite/18.1/nios2eds/bin/gnu/h-x86_64-mingw32/bin/../lib/gcc/nios2-elf/5.3.0/../../../../../H-x86_64-mingw32/nios2-elf/lib/mno-hw-mul\libc.a(lib_a-putchar.o)
 .text._putchar_r
                0x000000000400ef14        0x8 c:/intelfpga_lite/18.1/nios2eds/bin/gnu/h-x86_64-mingw32/bin/../lib/gcc/nios2-elf/5.3.0/../../../../../H-x86_64-mingw32/nios2-elf/lib/mno-hw-mul\libc.a(lib_a-putchar.o)
                0x000000000400ef14                _putchar_r
 .text.putchar  0x000000000400ef1c       0x18 c:/intelfpga_lite/18.1/nios2eds/bin/gnu/h-x86_64-mingw32/bin/../lib/gcc/nios2-elf/5.3.0/../../../../../H-x86_64-mingw32/nios2-elf/lib/mno-hw-mul\libc.a(lib_a-putchar.o)
                0x000000000400ef1c                putchar
 .text          0x000000000400ef34        0x0 c:/intelfpga_lite/18.1/nios2eds/bin/gnu/h-x86_64-mingw32/bin/../lib/gcc/nios2-elf/5.3.0/../../../../../H-x86_64-mingw32/nios2-elf/lib/mno-hw-mul\libc.a(lib_a-puts.o)
 .text._puts_r  0x000000000400ef34       0xc0 c:/intelfpga_lite/18.1/nios2eds/bin/gnu/h-x86_64-mingw32/bin/../lib/gcc/nios2-elf/5.3.0/../../../../../H-x86_64-mingw32/nios2-elf/lib/mno-hw-mul\libc.a(lib_a-puts.o)
                0x000000000400ef34                _puts_r
 .text.puts     0x000000000400eff4       0x14 c:/intelfpga_lite/18.1/nios2eds/bin/gnu/h-x86_64-mingw32/bin/../lib/gcc/nios2-elf/5.3.0/../../../../../H-x86_64-mingw32/nios2-elf/lib/mno-hw-mul\libc.a(lib_a-puts.o)
                0x000000000400eff4                puts
 .text          0x000000000400f008        0x0 c:/intelfpga_lite/18.1/nios2eds/bin/gnu/h-x86_64-mingw32/bin/../lib/gcc/nios2-elf/5.3.0/../../../../../H-x86_64-mingw32/nios2-elf/lib/mno-hw-mul\libc.a(lib_a-sbrkr.o)
 .text._sbrk_r  0x000000000400f008       0x54 c:/intelfpga_lite/18.1/nios2eds/bin/gnu/h-x86_64-mingw32/bin/../lib/gcc/nios2-elf/5.3.0/../../../../../H-x86_64-mingw32/nios2-elf/lib/mno-hw-mul\libc.a(lib_a-sbrkr.o)
                0x000000000400f008                _sbrk_r
 .text          0x000000000400f05c        0x0 c:/intelfpga_lite/18.1/nios2eds/bin/gnu/h-x86_64-mingw32/bin/../lib/gcc/nios2-elf/5.3.0/../../../../../H-x86_64-mingw32/nios2-elf/lib/mno-hw-mul\libc.a(lib_a-signal.o)
 .text._init_signal_r
                0x000000000400f05c       0x6c c:/intelfpga_lite/18.1/nios2eds/bin/gnu/h-x86_64-mingw32/bin/../lib/gcc/nios2-elf/5.3.0/../../../../../H-x86_64-mingw32/nios2-elf/lib/mno-hw-mul\libc.a(lib_a-signal.o)
                0x000000000400f05c                _init_signal_r
 .text._signal_r
                0x000000000400f0c8       0x84 c:/intelfpga_lite/18.1/nios2eds/bin/gnu/h-x86_64-mingw32/bin/../lib/gcc/nios2-elf/5.3.0/../../../../../H-x86_64-mingw32/nios2-elf/lib/mno-hw-mul\libc.a(lib_a-signal.o)
                0x000000000400f0c8                _signal_r
 .text._raise_r
                0x000000000400f14c       0xbc c:/intelfpga_lite/18.1/nios2eds/bin/gnu/h-x86_64-mingw32/bin/../lib/gcc/nios2-elf/5.3.0/../../../../../H-x86_64-mingw32/nios2-elf/lib/mno-hw-mul\libc.a(lib_a-signal.o)
                0x000000000400f14c                _raise_r
 .text.__sigtramp_r
                0x000000000400f208       0xa8 c:/intelfpga_lite/18.1/nios2eds/bin/gnu/h-x86_64-mingw32/bin/../lib/gcc/nios2-elf/5.3.0/../../../../../H-x86_64-mingw32/nios2-elf/lib/mno-hw-mul\libc.a(lib_a-signal.o)
                0x000000000400f208                __sigtramp_r
 .text.raise    0x000000000400f2b0       0x14 c:/intelfpga_lite/18.1/nios2eds/bin/gnu/h-x86_64-mingw32/bin/../lib/gcc/nios2-elf/5.3.0/../../../../../H-x86_64-mingw32/nios2-elf/lib/mno-hw-mul\libc.a(lib_a-signal.o)
                0x000000000400f2b0                raise
 .text.signal   0x000000000400f2c4       0x18 c:/intelfpga_lite/18.1/nios2eds/bin/gnu/h-x86_64-mingw32/bin/../lib/gcc/nios2-elf/5.3.0/../../../../../H-x86_64-mingw32/nios2-elf/lib/mno-hw-mul\libc.a(lib_a-signal.o)
                0x000000000400f2c4                signal
 .text._init_signal
                0x000000000400f2dc       0x10 c:/intelfpga_lite/18.1/nios2eds/bin/gnu/h-x86_64-mingw32/bin/../lib/gcc/nios2-elf/5.3.0/../../../../../H-x86_64-mingw32/nios2-elf/lib/mno-hw-mul\libc.a(lib_a-signal.o)
                0x000000000400f2dc                _init_signal
 .text.__sigtramp
                0x000000000400f2ec       0x14 c:/intelfpga_lite/18.1/nios2eds/bin/gnu/h-x86_64-mingw32/bin/../lib/gcc/nios2-elf/5.3.0/../../../../../H-x86_64-mingw32/nios2-elf/lib/mno-hw-mul\libc.a(lib_a-signal.o)
                0x000000000400f2ec                __sigtramp
 .text          0x000000000400f300        0x0 c:/intelfpga_lite/18.1/nios2eds/bin/gnu/h-x86_64-mingw32/bin/../lib/gcc/nios2-elf/5.3.0/../../../../../H-x86_64-mingw32/nios2-elf/lib/mno-hw-mul\libc.a(lib_a-signalr.o)
 .text._kill_r  0x000000000400f300       0x5c c:/intelfpga_lite/18.1/nios2eds/bin/gnu/h-x86_64-mingw32/bin/../lib/gcc/nios2-elf/5.3.0/../../../../../H-x86_64-mingw32/nios2-elf/lib/mno-hw-mul\libc.a(lib_a-signalr.o)
                0x000000000400f300                _kill_r
 .text._getpid_r
                0x000000000400f35c        0x4 c:/intelfpga_lite/18.1/nios2eds/bin/gnu/h-x86_64-mingw32/bin/../lib/gcc/nios2-elf/5.3.0/../../../../../H-x86_64-mingw32/nios2-elf/lib/mno-hw-mul\libc.a(lib_a-signalr.o)
                0x000000000400f35c                _getpid_r
 .text          0x000000000400f360        0x0 c:/intelfpga_lite/18.1/nios2eds/bin/gnu/h-x86_64-mingw32/bin/../lib/gcc/nios2-elf/5.3.0/../../../../../H-x86_64-mingw32/nios2-elf/lib/mno-hw-mul\libc.a(lib_a-strcmp.o)
 .text.strcmp   0x000000000400f360       0xdc c:/intelfpga_lite/18.1/nios2eds/bin/gnu/h-x86_64-mingw32/bin/../lib/gcc/nios2-elf/5.3.0/../../../../../H-x86_64-mingw32/nios2-elf/lib/mno-hw-mul\libc.a(lib_a-strcmp.o)
                0x000000000400f360                strcmp
 .text          0x000000000400f43c        0x0 c:/intelfpga_lite/18.1/nios2eds/bin/gnu/h-x86_64-mingw32/bin/../lib/gcc/nios2-elf/5.3.0/../../../../../H-x86_64-mingw32/nios2-elf/lib/mno-hw-mul\libc.a(lib_a-strlen.o)
 .text.strlen   0x000000000400f43c       0x98 c:/intelfpga_lite/18.1/nios2eds/bin/gnu/h-x86_64-mingw32/bin/../lib/gcc/nios2-elf/5.3.0/../../../../../H-x86_64-mingw32/nios2-elf/lib/mno-hw-mul\libc.a(lib_a-strlen.o)
                0x000000000400f43c                strlen
 .text          0x000000000400f4d4        0x0 c:/intelfpga_lite/18.1/nios2eds/bin/gnu/h-x86_64-mingw32/bin/../lib/gcc/nios2-elf/5.3.0/../../../../../H-x86_64-mingw32/nios2-elf/lib/mno-hw-mul\libc.a(lib_a-timesr.o)
 .text._times_r
                0x000000000400f4d4        0x8 c:/intelfpga_lite/18.1/nios2eds/bin/gnu/h-x86_64-mingw32/bin/../lib/gcc/nios2-elf/5.3.0/../../../../../H-x86_64-mingw32/nios2-elf/lib/mno-hw-mul\libc.a(lib_a-timesr.o)
                0x000000000400f4d4                _times_r
 .text          0x000000000400f4dc        0x0 c:/intelfpga_lite/18.1/nios2eds/bin/gnu/h-x86_64-mingw32/bin/../lib/gcc/nios2-elf/5.3.0/../../../../../H-x86_64-mingw32/nios2-elf/lib/mno-hw-mul\libc.a(lib_a-vfprintf.o)
 .text.___vfprintf_internal_r
                0x000000000400f4dc     0x22dc c:/intelfpga_lite/18.1/nios2eds/bin/gnu/h-x86_64-mingw32/bin/../lib/gcc/nios2-elf/5.3.0/../../../../../H-x86_64-mingw32/nios2-elf/lib/mno-hw-mul\libc.a(lib_a-vfprintf.o)
                0x000000000400f4dc                ___vfprintf_internal_r
 .text.__vfprintf_internal
                0x00000000040117b8       0x1c c:/intelfpga_lite/18.1/nios2eds/bin/gnu/h-x86_64-mingw32/bin/../lib/gcc/nios2-elf/5.3.0/../../../../../H-x86_64-mingw32/nios2-elf/lib/mno-hw-mul\libc.a(lib_a-vfprintf.o)
                0x00000000040117b8                __vfprintf_internal
 .text.__sbprintf
                0x00000000040117d4       0xbc c:/intelfpga_lite/18.1/nios2eds/bin/gnu/h-x86_64-mingw32/bin/../lib/gcc/nios2-elf/5.3.0/../../../../../H-x86_64-mingw32/nios2-elf/lib/mno-hw-mul\libc.a(lib_a-vfprintf.o)
 .text          0x0000000004011890        0x0 c:/intelfpga_lite/18.1/nios2eds/bin/gnu/h-x86_64-mingw32/bin/../lib/gcc/nios2-elf/5.3.0/../../../../../H-x86_64-mingw32/nios2-elf/lib/mno-hw-mul\libc.a(lib_a-wsetup.o)
 .text.__swsetup_r
                0x0000000004011890      0x154 c:/intelfpga_lite/18.1/nios2eds/bin/gnu/h-x86_64-mingw32/bin/../lib/gcc/nios2-elf/5.3.0/../../../../../H-x86_64-mingw32/nios2-elf/lib/mno-hw-mul\libc.a(lib_a-wsetup.o)
                0x0000000004011890                __swsetup_r
 .text          0x00000000040119e4        0x0 c:/intelfpga_lite/18.1/nios2eds/bin/gnu/h-x86_64-mingw32/bin/../lib/gcc/nios2-elf/5.3.0/../../../../../H-x86_64-mingw32/nios2-elf/lib/mno-hw-mul\libc.a(lib_a-dtoa.o)
 .text.quorem   0x00000000040119e4      0x228 c:/intelfpga_lite/18.1/nios2eds/bin/gnu/h-x86_64-mingw32/bin/../lib/gcc/nios2-elf/5.3.0/../../../../../H-x86_64-mingw32/nios2-elf/lib/mno-hw-mul\libc.a(lib_a-dtoa.o)
 .text._dtoa_r  0x0000000004011c0c     0x1688 c:/intelfpga_lite/18.1/nios2eds/bin/gnu/h-x86_64-mingw32/bin/../lib/gcc/nios2-elf/5.3.0/../../../../../H-x86_64-mingw32/nios2-elf/lib/mno-hw-mul\libc.a(lib_a-dtoa.o)
                0x0000000004011c0c                _dtoa_r
 .text          0x0000000004013294        0x0 c:/intelfpga_lite/18.1/nios2eds/bin/gnu/h-x86_64-mingw32/bin/../lib/gcc/nios2-elf/5.3.0/../../../../../H-x86_64-mingw32/nios2-elf/lib/mno-hw-mul\libc.a(lib_a-fflush.o)
 .text.__sflush_r
                0x0000000004013294      0x21c c:/intelfpga_lite/18.1/nios2eds/bin/gnu/h-x86_64-mingw32/bin/../lib/gcc/nios2-elf/5.3.0/../../../../../H-x86_64-mingw32/nios2-elf/lib/mno-hw-mul\libc.a(lib_a-fflush.o)
                0x0000000004013294                __sflush_r
 .text._fflush_r
                0x00000000040134b0       0x5c c:/intelfpga_lite/18.1/nios2eds/bin/gnu/h-x86_64-mingw32/bin/../lib/gcc/nios2-elf/5.3.0/../../../../../H-x86_64-mingw32/nios2-elf/lib/mno-hw-mul\libc.a(lib_a-fflush.o)
                0x00000000040134b0                _fflush_r
 .text.fflush   0x000000000401350c       0x30 c:/intelfpga_lite/18.1/nios2eds/bin/gnu/h-x86_64-mingw32/bin/../lib/gcc/nios2-elf/5.3.0/../../../../../H-x86_64-mingw32/nios2-elf/lib/mno-hw-mul\libc.a(lib_a-fflush.o)
                0x000000000401350c                fflush
 .text          0x000000000401353c        0x0 c:/intelfpga_lite/18.1/nios2eds/bin/gnu/h-x86_64-mingw32/bin/../lib/gcc/nios2-elf/5.3.0/../../../../../H-x86_64-mingw32/nios2-elf/lib/mno-hw-mul\libc.a(lib_a-findfp.o)
 .text.__fp_unlock
                0x000000000401353c        0x8 c:/intelfpga_lite/18.1/nios2eds/bin/gnu/h-x86_64-mingw32/bin/../lib/gcc/nios2-elf/5.3.0/../../../../../H-x86_64-mingw32/nios2-elf/lib/mno-hw-mul\libc.a(lib_a-findfp.o)
 .text._cleanup_r
                0x0000000004013544        0xc c:/intelfpga_lite/18.1/nios2eds/bin/gnu/h-x86_64-mingw32/bin/../lib/gcc/nios2-elf/5.3.0/../../../../../H-x86_64-mingw32/nios2-elf/lib/mno-hw-mul\libc.a(lib_a-findfp.o)
                0x0000000004013544                _cleanup_r
 .text.__sinit.part.1
                0x0000000004013550      0x19c c:/intelfpga_lite/18.1/nios2eds/bin/gnu/h-x86_64-mingw32/bin/../lib/gcc/nios2-elf/5.3.0/../../../../../H-x86_64-mingw32/nios2-elf/lib/mno-hw-mul\libc.a(lib_a-findfp.o)
 .text.__fp_lock
                0x00000000040136ec        0x8 c:/intelfpga_lite/18.1/nios2eds/bin/gnu/h-x86_64-mingw32/bin/../lib/gcc/nios2-elf/5.3.0/../../../../../H-x86_64-mingw32/nios2-elf/lib/mno-hw-mul\libc.a(lib_a-findfp.o)
 .text.__sfmoreglue
                0x00000000040136f4       0x78 c:/intelfpga_lite/18.1/nios2eds/bin/gnu/h-x86_64-mingw32/bin/../lib/gcc/nios2-elf/5.3.0/../../../../../H-x86_64-mingw32/nios2-elf/lib/mno-hw-mul\libc.a(lib_a-findfp.o)
                0x00000000040136f4                __sfmoreglue
 .text.__sfp    0x000000000401376c      0x118 c:/intelfpga_lite/18.1/nios2eds/bin/gnu/h-x86_64-mingw32/bin/../lib/gcc/nios2-elf/5.3.0/../../../../../H-x86_64-mingw32/nios2-elf/lib/mno-hw-mul\libc.a(lib_a-findfp.o)
                0x000000000401376c                __sfp
 .text._cleanup
                0x0000000004013884       0x18 c:/intelfpga_lite/18.1/nios2eds/bin/gnu/h-x86_64-mingw32/bin/../lib/gcc/nios2-elf/5.3.0/../../../../../H-x86_64-mingw32/nios2-elf/lib/mno-hw-mul\libc.a(lib_a-findfp.o)
                0x0000000004013884                _cleanup
 .text.__sinit  0x000000000401389c       0x10 c:/intelfpga_lite/18.1/nios2eds/bin/gnu/h-x86_64-mingw32/bin/../lib/gcc/nios2-elf/5.3.0/../../../../../H-x86_64-mingw32/nios2-elf/lib/mno-hw-mul\libc.a(lib_a-findfp.o)
                0x000000000401389c                __sinit
 .text.__sfp_lock_acquire
                0x00000000040138ac        0x4 c:/intelfpga_lite/18.1/nios2eds/bin/gnu/h-x86_64-mingw32/bin/../lib/gcc/nios2-elf/5.3.0/../../../../../H-x86_64-mingw32/nios2-elf/lib/mno-hw-mul\libc.a(lib_a-findfp.o)
                0x00000000040138ac                __sfp_lock_acquire
 .text.__sfp_lock_release
                0x00000000040138b0        0x4 c:/intelfpga_lite/18.1/nios2eds/bin/gnu/h-x86_64-mingw32/bin/../lib/gcc/nios2-elf/5.3.0/../../../../../H-x86_64-mingw32/nios2-elf/lib/mno-hw-mul\libc.a(lib_a-findfp.o)
                0x00000000040138b0                __sfp_lock_release
 .text.__sinit_lock_acquire
                0x00000000040138b4        0x4 c:/intelfpga_lite/18.1/nios2eds/bin/gnu/h-x86_64-mingw32/bin/../lib/gcc/nios2-elf/5.3.0/../../../../../H-x86_64-mingw32/nios2-elf/lib/mno-hw-mul\libc.a(lib_a-findfp.o)
                0x00000000040138b4                __sinit_lock_acquire
 .text.__sinit_lock_release
                0x00000000040138b8        0x4 c:/intelfpga_lite/18.1/nios2eds/bin/gnu/h-x86_64-mingw32/bin/../lib/gcc/nios2-elf/5.3.0/../../../../../H-x86_64-mingw32/nios2-elf/lib/mno-hw-mul\libc.a(lib_a-findfp.o)
                0x00000000040138b8                __sinit_lock_release
 .text.__fp_lock_all
                0x00000000040138bc       0x18 c:/intelfpga_lite/18.1/nios2eds/bin/gnu/h-x86_64-mingw32/bin/../lib/gcc/nios2-elf/5.3.0/../../../../../H-x86_64-mingw32/nios2-elf/lib/mno-hw-mul\libc.a(lib_a-findfp.o)
                0x00000000040138bc                __fp_lock_all
 .text.__fp_unlock_all
                0x00000000040138d4       0x18 c:/intelfpga_lite/18.1/nios2eds/bin/gnu/h-x86_64-mingw32/bin/../lib/gcc/nios2-elf/5.3.0/../../../../../H-x86_64-mingw32/nios2-elf/lib/mno-hw-mul\libc.a(lib_a-findfp.o)
                0x00000000040138d4                __fp_unlock_all
 .text          0x00000000040138ec        0x0 c:/intelfpga_lite/18.1/nios2eds/bin/gnu/h-x86_64-mingw32/bin/../lib/gcc/nios2-elf/5.3.0/../../../../../H-x86_64-mingw32/nios2-elf/lib/mno-hw-mul\libc.a(lib_a-freer.o)
 .text._malloc_trim_r
                0x00000000040138ec      0x124 c:/intelfpga_lite/18.1/nios2eds/bin/gnu/h-x86_64-mingw32/bin/../lib/gcc/nios2-elf/5.3.0/../../../../../H-x86_64-mingw32/nios2-elf/lib/mno-hw-mul\libc.a(lib_a-freer.o)
                0x00000000040138ec                _malloc_trim_r
 .text._free_r  0x0000000004013a10      0x310 c:/intelfpga_lite/18.1/nios2eds/bin/gnu/h-x86_64-mingw32/bin/../lib/gcc/nios2-elf/5.3.0/../../../../../H-x86_64-mingw32/nios2-elf/lib/mno-hw-mul\libc.a(lib_a-freer.o)
                0x0000000004013a10                _free_r
 .text          0x0000000004013d20        0x0 c:/intelfpga_lite/18.1/nios2eds/bin/gnu/h-x86_64-mingw32/bin/../lib/gcc/nios2-elf/5.3.0/../../../../../H-x86_64-mingw32/nios2-elf/lib/mno-hw-mul\libc.a(lib_a-fvwrite.o)
 .text.__sfvwrite_r
                0x0000000004013d20      0x4c8 c:/intelfpga_lite/18.1/nios2eds/bin/gnu/h-x86_64-mingw32/bin/../lib/gcc/nios2-elf/5.3.0/../../../../../H-x86_64-mingw32/nios2-elf/lib/mno-hw-mul\libc.a(lib_a-fvwrite.o)
                0x0000000004013d20                __sfvwrite_r
 .text          0x00000000040141e8        0x0 c:/intelfpga_lite/18.1/nios2eds/bin/gnu/h-x86_64-mingw32/bin/../lib/gcc/nios2-elf/5.3.0/../../../../../H-x86_64-mingw32/nios2-elf/lib/mno-hw-mul\libc.a(lib_a-fwalk.o)
 .text._fwalk   0x00000000040141e8       0xc4 c:/intelfpga_lite/18.1/nios2eds/bin/gnu/h-x86_64-mingw32/bin/../lib/gcc/nios2-elf/5.3.0/../../../../../H-x86_64-mingw32/nios2-elf/lib/mno-hw-mul\libc.a(lib_a-fwalk.o)
                0x00000000040141e8                _fwalk
 .text._fwalk_reent
                0x00000000040142ac       0xc4 c:/intelfpga_lite/18.1/nios2eds/bin/gnu/h-x86_64-mingw32/bin/../lib/gcc/nios2-elf/5.3.0/../../../../../H-x86_64-mingw32/nios2-elf/lib/mno-hw-mul\libc.a(lib_a-fwalk.o)
                0x00000000040142ac                _fwalk_reent
 .text          0x0000000004014370        0x0 c:/intelfpga_lite/18.1/nios2eds/bin/gnu/h-x86_64-mingw32/bin/../lib/gcc/nios2-elf/5.3.0/../../../../../H-x86_64-mingw32/nios2-elf/lib/mno-hw-mul\libc.a(lib_a-int_errno.o)
 .text          0x0000000004014370        0x0 c:/intelfpga_lite/18.1/nios2eds/bin/gnu/h-x86_64-mingw32/bin/../lib/gcc/nios2-elf/5.3.0/../../../../../H-x86_64-mingw32/nios2-elf/lib/mno-hw-mul\libc.a(lib_a-locale.o)
 .text._setlocale_r
                0x0000000004014370       0x7c c:/intelfpga_lite/18.1/nios2eds/bin/gnu/h-x86_64-mingw32/bin/../lib/gcc/nios2-elf/5.3.0/../../../../../H-x86_64-mingw32/nios2-elf/lib/mno-hw-mul\libc.a(lib_a-locale.o)
                0x0000000004014370                _setlocale_r
 .text.__locale_charset
                0x00000000040143ec        0xc c:/intelfpga_lite/18.1/nios2eds/bin/gnu/h-x86_64-mingw32/bin/../lib/gcc/nios2-elf/5.3.0/../../../../../H-x86_64-mingw32/nios2-elf/lib/mno-hw-mul\libc.a(lib_a-locale.o)
                0x00000000040143ec                __locale_charset
 .text.__locale_mb_cur_max
                0x00000000040143f8       0x10 c:/intelfpga_lite/18.1/nios2eds/bin/gnu/h-x86_64-mingw32/bin/../lib/gcc/nios2-elf/5.3.0/../../../../../H-x86_64-mingw32/nios2-elf/lib/mno-hw-mul\libc.a(lib_a-locale.o)
                0x00000000040143f8                __locale_mb_cur_max
 .text.__locale_msgcharset
                0x0000000004014408        0xc c:/intelfpga_lite/18.1/nios2eds/bin/gnu/h-x86_64-mingw32/bin/../lib/gcc/nios2-elf/5.3.0/../../../../../H-x86_64-mingw32/nios2-elf/lib/mno-hw-mul\libc.a(lib_a-locale.o)
                0x0000000004014408                __locale_msgcharset
 .text.__locale_cjk_lang
                0x0000000004014414        0x8 c:/intelfpga_lite/18.1/nios2eds/bin/gnu/h-x86_64-mingw32/bin/../lib/gcc/nios2-elf/5.3.0/../../../../../H-x86_64-mingw32/nios2-elf/lib/mno-hw-mul\libc.a(lib_a-locale.o)
                0x0000000004014414                __locale_cjk_lang
 .text._localeconv_r
                0x000000000401441c        0xc c:/intelfpga_lite/18.1/nios2eds/bin/gnu/h-x86_64-mingw32/bin/../lib/gcc/nios2-elf/5.3.0/../../../../../H-x86_64-mingw32/nios2-elf/lib/mno-hw-mul\libc.a(lib_a-locale.o)
                0x000000000401441c                _localeconv_r
 .text.setlocale
                0x0000000004014428       0x18 c:/intelfpga_lite/18.1/nios2eds/bin/gnu/h-x86_64-mingw32/bin/../lib/gcc/nios2-elf/5.3.0/../../../../../H-x86_64-mingw32/nios2-elf/lib/mno-hw-mul\libc.a(lib_a-locale.o)
                0x0000000004014428                setlocale
 .text.localeconv
                0x0000000004014440        0xc c:/intelfpga_lite/18.1/nios2eds/bin/gnu/h-x86_64-mingw32/bin/../lib/gcc/nios2-elf/5.3.0/../../../../../H-x86_64-mingw32/nios2-elf/lib/mno-hw-mul\libc.a(lib_a-locale.o)
                0x0000000004014440                localeconv
 .text          0x000000000401444c        0x0 c:/intelfpga_lite/18.1/nios2eds/bin/gnu/h-x86_64-mingw32/bin/../lib/gcc/nios2-elf/5.3.0/../../../../../H-x86_64-mingw32/nios2-elf/lib/mno-hw-mul\libc.a(lib_a-makebuf.o)
 .text.__smakebuf_r
                0x000000000401444c      0x1bc c:/intelfpga_lite/18.1/nios2eds/bin/gnu/h-x86_64-mingw32/bin/../lib/gcc/nios2-elf/5.3.0/../../../../../H-x86_64-mingw32/nios2-elf/lib/mno-hw-mul\libc.a(lib_a-makebuf.o)
                0x000000000401444c                __smakebuf_r
 .text          0x0000000004014608        0x0 c:/intelfpga_lite/18.1/nios2eds/bin/gnu/h-x86_64-mingw32/bin/../lib/gcc/nios2-elf/5.3.0/../../../../../H-x86_64-mingw32/nios2-elf/lib/mno-hw-mul\libc.a(lib_a-memchr.o)
 .text.memchr   0x0000000004014608       0xe4 c:/intelfpga_lite/18.1/nios2eds/bin/gnu/h-x86_64-mingw32/bin/../lib/gcc/nios2-elf/5.3.0/../../../../../H-x86_64-mingw32/nios2-elf/lib/mno-hw-mul\libc.a(lib_a-memchr.o)
                0x0000000004014608                memchr
 .text          0x00000000040146ec        0x0 c:/intelfpga_lite/18.1/nios2eds/bin/gnu/h-x86_64-mingw32/bin/../lib/gcc/nios2-elf/5.3.0/../../../../../H-x86_64-mingw32/nios2-elf/lib/mno-hw-mul\libc.a(lib_a-memmove.o)
 .text.memmove  0x00000000040146ec      0x15c c:/intelfpga_lite/18.1/nios2eds/bin/gnu/h-x86_64-mingw32/bin/../lib/gcc/nios2-elf/5.3.0/../../../../../H-x86_64-mingw32/nios2-elf/lib/mno-hw-mul\libc.a(lib_a-memmove.o)
                0x00000000040146ec                memmove
 .text          0x0000000004014848        0x0 c:/intelfpga_lite/18.1/nios2eds/bin/gnu/h-x86_64-mingw32/bin/../lib/gcc/nios2-elf/5.3.0/../../../../../H-x86_64-mingw32/nios2-elf/lib/mno-hw-mul\libc.a(lib_a-mprec.o)
 .text._Balloc  0x0000000004014848       0xa8 c:/intelfpga_lite/18.1/nios2eds/bin/gnu/h-x86_64-mingw32/bin/../lib/gcc/nios2-elf/5.3.0/../../../../../H-x86_64-mingw32/nios2-elf/lib/mno-hw-mul\libc.a(lib_a-mprec.o)
                0x0000000004014848                _Balloc
 .text._Bfree   0x00000000040148f0       0x28 c:/intelfpga_lite/18.1/nios2eds/bin/gnu/h-x86_64-mingw32/bin/../lib/gcc/nios2-elf/5.3.0/../../../../../H-x86_64-mingw32/nios2-elf/lib/mno-hw-mul\libc.a(lib_a-mprec.o)
                0x00000000040148f0                _Bfree
 .text.__multadd
                0x0000000004014918      0x148 c:/intelfpga_lite/18.1/nios2eds/bin/gnu/h-x86_64-mingw32/bin/../lib/gcc/nios2-elf/5.3.0/../../../../../H-x86_64-mingw32/nios2-elf/lib/mno-hw-mul\libc.a(lib_a-mprec.o)
                0x0000000004014918                __multadd
 .text.__s2b    0x0000000004014a60      0x104 c:/intelfpga_lite/18.1/nios2eds/bin/gnu/h-x86_64-mingw32/bin/../lib/gcc/nios2-elf/5.3.0/../../../../../H-x86_64-mingw32/nios2-elf/lib/mno-hw-mul\libc.a(lib_a-mprec.o)
                0x0000000004014a60                __s2b
 .text.__hi0bits
                0x0000000004014b64       0x68 c:/intelfpga_lite/18.1/nios2eds/bin/gnu/h-x86_64-mingw32/bin/../lib/gcc/nios2-elf/5.3.0/../../../../../H-x86_64-mingw32/nios2-elf/lib/mno-hw-mul\libc.a(lib_a-mprec.o)
                0x0000000004014b64                __hi0bits
 .text.__lo0bits
                0x0000000004014bcc       0xb0 c:/intelfpga_lite/18.1/nios2eds/bin/gnu/h-x86_64-mingw32/bin/../lib/gcc/nios2-elf/5.3.0/../../../../../H-x86_64-mingw32/nios2-elf/lib/mno-hw-mul\libc.a(lib_a-mprec.o)
                0x0000000004014bcc                __lo0bits
 .text.__i2b    0x0000000004014c7c       0x3c c:/intelfpga_lite/18.1/nios2eds/bin/gnu/h-x86_64-mingw32/bin/../lib/gcc/nios2-elf/5.3.0/../../../../../H-x86_64-mingw32/nios2-elf/lib/mno-hw-mul\libc.a(lib_a-mprec.o)
                0x0000000004014c7c                __i2b
 .text.__multiply